[themexriver.com/wp/gtbus/index.html]
[backblue.gif]
[fade.gif]
[index.html]
[themexriver.com/wp/gtbus/comments/feed/index.html]
[themexriver.com/wp/gtbus/wp-content/plugins/contact-form-7/includes/css/styles1014.css]
[themexriver.com/wp/gtbus/feed/index.html]
[themexriver.com/wp/gtbus/wp-content/plugins/woocommerce/assets/css/woocommerce-layout457f.css]
[themexriver.com/wp/gtbus/wp-content/plugins/woocommerce/assets/css/woocommerce-smallscreen457f.css]
[themexriver.com/wp/gtbus/wp-content/plugins/woocommerce/assets/css/woocommerce457f.css]
[themexriver.com/wp/gtbus/wp-content/themes/gtbus/assets/css/bootstrap.min6c2d.css]
[themexriver.com/wp/gtbus/wp-content/themes/gtbus/assets/css/all.min6c2d.css]
[themexriver.com/wp/gtbus/wp-content/themes/gtbus/assets/css/animate6c2d.css]
[themexriver.com/wp/gtbus/wp-content/themes/gtbus/assets/css/magnific-popup6c2d.css]
[themexriver.com/wp/gtbus/wp-content/themes/gtbus/assets/css/flaticon_mycollection6c2d.css]
[themexriver.com/wp/gtbus/wp-content/themes/gtbus/assets/css/flaticon6c2d.css]
[themexriver.com/wp/gtbus/wp-content/themes/gtbus/assets/css/swiper.min6c2d.css]
[themexriver.com/wp/gtbus/wp-content/themes/gtbus/assets/css/post6c2d.css]
[themexriver.com/wp/gtbus/wp-content/themes/gtbus/assets/css/main6c2d.css]
[themexriver.com/wp/gtbus/wp-content/themes/gtbus/woocommerce/woocommerce6c2d.css]
[themexriver.com/wp/gtbus/wp-content/themes/gtbus/style6c2d.css]
[themexriver.com/wp/gtbus/wp-content/plugins/elementor/assets/lib/eicons/css/elementor-icons.mine94d.css]
[themexriver.com/wp/gtbus/wp-content/plugins/elementor/assets/css/frontend-lite.min5f06.css]
[themexriver.com/wp/gtbus/wp-content/uploads/elementor/css/post-3726fc.css]
[themexriver.com/wp/gtbus/wp-content/uploads/elementor/css/global26fc.css]
[themexriver.com/wp/gtbus/wp-content/uploads/elementor/css/post-11526fc.css]
[themexriver.com/wp/gtbus/wp-includes/js/jquery/jquery.minf43b.js]
[themexriver.com/wp/gtbus/wp-includes/js/jquery/jquery-migrate.min5589.js]
[themexriver.com/wp/gtbus/wp-content/plugins/woocommerce/assets/js/jquery-blockui/jquery.blockUI.min4485.js]
[themexriver.com/wp/gtbus/wp-content/plugins/woocommerce/assets/js/frontend/add-to-cart.min457f.js]
[themexriver.com/wp/gtbus/wp-content/plugins/woocommerce/assets/js/js-cookie/js.cookie.mina682.js]
[themexriver.com/wp/gtbus/wp-content/plugins/woocommerce/assets/js/frontend/woocommerce.min457f.js]
[themexriver.com/wp/gtbus/wp-json/wp/v2/pages/115.json]
[themexriver.com/wp/gtbus/wp-json/index.html]
[themexriver.com/wp/gtbus/xmlrpc0db0.php]
[themexriver.com/wp/gtbus/wp-json/oembed/1.0/embede0d9.json]
[themexriver.com/wp/gtbus/wp-json/oembed/1.0/embed33e2]
[themexriver.com/wp/gtbus/wp-content/plugins/woocommerce/assets/fonts/Inter-VariableFont_slnt,wght.woff2]
[themexriver.com/wp/gtbus/wp-content/plugins/woocommerce/assets/fonts/cardo_normal_400.woff2]
[themexriver.com/wp/gtbus/wp-content/uploads/cropped-icon-1-32x32.png]
[themexriver.com/wp/gtbus/wp-content/uploads/cropped-icon-1-192x192.png]
[themexriver.com/wp/gtbus/wp-content/uploads/cropped-icon-1-180x180.png]
[themexriver.com/wp/gtbus/wp-content/themes/gtbus/assets/img/logo.svg]
[themexriver.com/wp/gtbus/wp-content/uploads/logo-1.svg]
[themexriver.com/wp/gtbus/404]
[themexriver.com/wp/gtbus/home-2/index.html]
[themexriver.com/wp/gtbus/about-us/index.html]
[themexriver.com/wp/gtbus/projects/index.html]
[themexriver.com/wp/gtbus/home-3/index.html]
[themexriver.com/wp/gtbus/project-masonry/index.html]
[themexriver.com/wp/gtbus/projects/projects-details/index.html]
[themexriver.com/wp/gtbus/wp-content/uploads/g-img-1.jpg]
[themexriver.com/wp/gtbus/blog/index.html]
[themexriver.com/wp/gtbus/blog-grid/index.html]
[themexriver.com/wp/gtbus/unique-things-you-need-to-know-about-interior-printing/index.html]
[themexriver.com/wp/gtbus/wp-content/uploads/g-img-2.28.delayed]
[themexriver.com/wp/gtbus/services/index.html]
[themexriver.com/wp/gtbus/shop/index.html]
[themexriver.com/wp/gtbus/services/service-details/index.html]
[themexriver.com/wp/gtbus/service-two/index.html]
[themexriver.com/wp/gtbus/wp-content/uploads/g-img-3.29.delayed]
[themexriver.com/wp/gtbus/product/wireless-mouse/index.html]
[themexriver.com/wp/gtbus/wp-content/uploads/g-img-4.jpg]
[themexriver.com/wp/gtbus/my-account/index.html]
[themexriver.com/wp/gtbus/cart/index.html]
[themexriver.com/wp/gtbus/wp-content/uploads/g-img-5.jpg]
[themexriver.com/wp/gtbus/faqs/index.html]
[themexriver.com/wp/gtbus/clients/index.html]
[themexriver.com/wp/gtbus/wp-content/uploads/g-img-6.jpg]
[themexriver.com/wp/gtbus/team/index.html]
[themexriver.com/wp/gtbus/wp-content/uploads/g-img-7.jpg]
[themexriver.com/wp/gtbus/team/team-details/index.html]
[themexriver.com/wp/gtbus/pricing-table/index.html]
[themexriver.com/wp/gtbus/contact/index.html]
[themexriver.com/wp/gtbus/wp-content/uploads/h1-bg-shape-1.png]
[themexriver.com/wp/gtbus/wp-content/uploads/subtitle-icon-2.png]
[themexriver.com/wp/gtbus/wp-content/uploads/h1-img-1.png]
[themexriver.com/wp/gtbus/wp-content/uploads/subtitle-icon-1.png]
[themexriver.com/wp/gtbus/wp-content/uploads/s1-img-1-1.png]
[themexriver.com/wp/gtbus/wp-content/uploads/p1-il-1.png]
[themexriver.com/wp/gtbus/wp-content/uploads/p1-il-2.png]
[themexriver.com/wp/gtbus/wp-content/uploads/p1-img-1-2.png]
[themexriver.com/wp/gtbus/wp-content/uploads/p1-bg-1.png]
[themexriver.com/wp/gtbus/wp-content/uploads/p1-img-1-1.png]
[themexriver.com/wp/gtbus/wp-content/uploads/p1-img-2-1.png]
[themexriver.com/wp/gtbus/wp-content/uploads/p1-img-3.png]
[themexriver.com/wp/gtbus/wp-content/uploads/p1-img-1.png]
[themexriver.com/wp/gtbus/wp-content/uploads/p1-img-2.png]
[themexriver.com/wp/gtbus/wp-content/uploads/s1-bg-shape-1.png]
[themexriver.com/wp/gtbus/wp-content/uploads/s1-img-1.png]
[themexriver.com/wp/gtbus/wp-content/uploads/s1-img-2.jpg]
[themexriver.com/wp/gtbus/wp-content/uploads/s1-img-3.jpg]
[themexriver.com/wp/gtbus/wp-content/uploads/s1-img-4.jpg]
[themexriver.com/wp/gtbus/wp-content/uploads/cta-1-bg-1.png]
[themexriver.com/wp/gtbus/wp-content/uploads/t1-img-1.png]
[themexriver.com/wp/gtbus/wp-content/uploads/t1-img-3.png]
[themexriver.com/wp/gtbus/wp-content/uploads/t1-img-2.png]
[themexriver.com/wp/gtbus/wp-content/uploads/b1-bg-img-1.png]
[themexriver.com/wp/gtbus/wp-content/uploads/blog-1.jpg]
[themexriver.com/wp/gtbus/wp-content/uploads/blog-2.jpg]
[themexriver.com/wp/gtbus/category/finance/index.html]
[themexriver.com/wp/gtbus/wp-content/uploads/faq-img-1.png]
[themexriver.com/wp/gtbus/from-dream-to-reality-turning-your-goals-into-achievements-step-by-step/index.html]
[themexriver.com/wp/gtbus/wp-content/uploads/faq-img-2.png]
[themexriver.com/wp/gtbus/mind-body-and-soul-holistic-approaches-to-wellness-for-a-balanced-life/index.html]
[themexriver.com/wp/gtbus/wp-content/uploads/faq-img-3-scaled.jpg]
[themexriver.com/wp/gtbus/wp-content/uploads/faq-img-4.jpg]
[themexriver.com/wp/gtbus/wp-content/uploads/faq-img-5.jpg]
[themexriver.com/wp/gtbus/wp-content/uploads/s1-logo-1.png]
[themexriver.com/wp/gtbus/wp-content/uploads/s1-logo-2.png]
[themexriver.com/wp/gtbus/wp-content/uploads/s1-logo-3.png]
[themexriver.com/wp/gtbus/wp-content/uploads/s1-logo-4.png]
[themexriver.com/wp/gtbus/wp-content/uploads/s1-logo-5.png]
[themexriver.com/wp/gtbus/wp-content/uploads/s1-logo-6.png]
[themexriver.com/wp/gtbus/wp-content/uploads/s1-logo-7.png]
[themexriver.com/wp/gtbus/wp-content/uploads/join-us-group.png]
[themexriver.com/wp/gtbus/wp-content/uploads/logo-2.svg]
[themexriver.com/wp/gtbus/wp-content/uploads/f1-slider-img-1.png]
[themexriver.com/wp/gtbus/wp-content/uploads/f1-slider-img-2.png]
[themexriver.com/wp/gtbus/wp-content/uploads/f1-slider-img-3.jpg]
[themexriver.com/wp/gtbus/wp-content/plugins/woocommerce/assets/client/blocks/wc-blocksffe6.css]
[themexriver.com/wp/gtbus/wp-content/plugins/gtbus-plugin/elementor/assets/css/hero6c2d.css]
[themexriver.com/wp/gtbus/wp-content/plugins/gtbus-plugin/elementor/assets/css/projects6c2d.css]
[themexriver.com/wp/gtbus/wp-content/plugins/gtbus-plugin/elementor/assets/css/cta6c2d.css]
[themexriver.com/wp/gtbus/wp-content/plugins/gtbus-plugin/elementor/assets/css/blog6c2d.css]
[themexriver.com/wp/gtbus/wp-content/plugins/gtbus-plugin/elementor/assets/css/counter6c2d.css]
[themexriver.com/wp/gtbus/wp-content/plugins/gtbus-plugin/elementor/assets/css/sponsor6c2d.css]
[themexriver.com/wp/gtbus/wp-content/uploads/elementor/css/post-73926fc.css]
[themexriver.com/wp/gtbus/wp-includes/js/dist/hooks.min4fdd.js]
[themexriver.com/wp/gtbus/wp-includes/js/dist/i18n.minc33c.js]
[themexriver.com/wp/gtbus/wp-content/plugins/contact-form-7/includes/swv/js/index1014.js]
[themexriver.com/wp/gtbus/wp-content/plugins/contact-form-7/includes/js/index1014.js]
[themexriver.com/wp/gtbus/wp-content/plugins/woocommerce/assets/js/sourcebuster/sourcebuster.min457f.js]
[themexriver.com/wp/gtbus/wp-content/plugins/woocommerce/assets/js/frontend/order-attribution.min457f.js]
[themexriver.com/wp/gtbus/wp-content/themes/gtbus/assets/js/bootstrap.bundle.min5152.js]
[themexriver.com/wp/gtbus/wp-content/themes/gtbus/assets/js/counterup.min5152.js]
[themexriver.com/wp/gtbus/wp-content/themes/gtbus/assets/js/gsap.min5152.js]
[themexriver.com/wp/gtbus/wp-content/themes/gtbus/assets/js/ScrollTrigger.min5152.js]
[themexriver.com/wp/gtbus/wp-content/themes/gtbus/assets/js/SplitText.min5152.js]
[themexriver.com/wp/gtbus/wp-content/themes/gtbus/assets/js/tilt.jquery.min5152.js]
[themexriver.com/wp/gtbus/wp-content/themes/gtbus/assets/js/jquery.magnific-popup.min5152.js]
[themexriver.com/wp/gtbus/wp-content/themes/gtbus/assets/js/lenis.min5152.js]
[themexriver.com/wp/gtbus/wp-content/themes/gtbus/assets/js/swiper-bundle.min5152.js]
[themexriver.com/wp/gtbus/wp-content/themes/gtbus/assets/js/jquery.marquee.min5152.js]
[themexriver.com/wp/gtbus/wp-content/themes/gtbus/assets/js/chroma.min5152.js]
[themexriver.com/wp/gtbus/wp-content/themes/gtbus/assets/js/waypoints.min5152.js]
[themexriver.com/wp/gtbus/wp-content/themes/gtbus/assets/js/wow.min5152.js]
[themexriver.com/wp/gtbus/wp-content/themes/gtbus/assets/js/main5152.js]
[themexriver.com/wp/gtbus/wp-content/plugins/elementor/assets/js/webpack.runtime.min5f06.js]
[themexriver.com/wp/gtbus/wp-content/plugins/elementor/assets/js/frontend-modules.min5f06.js]
[themexriver.com/wp/gtbus/wp-content/plugins/elementor/assets/lib/waypoints/waypoints.min05da.js]
[themexriver.com/wp/gtbus/wp-includes/js/jquery/ui/core.minb37e.js]
[themexriver.com/wp/gtbus/index.html]
[themexriver.com/wp/gtbus/wp-content/plugins/contact-form-7/includes/css/styles1014.css]
[themexriver.com/wp/gtbus/wp-content/plugins/woocommerce/assets/css/woocommerce-layout457f.css]
[themexriver.com/wp/gtbus/wp-content/plugins/elementor/assets/js/frontend.min5f06.js]
[themexriver.com/wp/gtbus/wp-content/plugins/woocommerce/assets/css/woocommerce-smallscreen457f.css]
[themexriver.com/wp/gtbus/wp-content/plugins/woocommerce/assets/fonts/WooCommerce.woff2]
[themexriver.com/wp/gtbus/wp-content/plugins/woocommerce/assets/fonts/WooCommerce.woff]
[themexriver.com/wp/gtbus/wp-content/plugins/woocommerce/assets/fonts/WooCommerce.ttf]
[themexriver.com/wp/gtbus/wp-content/plugins/woocommerce/assets/images/icons/credit-cards/visa.svg]
[themexriver.com/wp/gtbus/wp-content/plugins/woocommerce/assets/images/icons/credit-cards/mastercard.svg]
[themexriver.com/wp/gtbus/wp-content/plugins/woocommerce/assets/images/icons/credit-cards/laser.svg]
[themexriver.com/wp/gtbus/wp-content/plugins/woocommerce/assets/images/icons/credit-cards/diners.svg]
[themexriver.com/wp/gtbus/wp-content/plugins/woocommerce/assets/images/icons/credit-cards/maestro.svg]
[themexriver.com/wp/gtbus/wp-content/plugins/woocommerce/assets/images/icons/credit-cards/jcb.svg]
[themexriver.com/wp/gtbus/wp-content/plugins/woocommerce/assets/images/icons/credit-cards/amex.svg]
[themexriver.com/wp/gtbus/wp-content/plugins/woocommerce/assets/css/woocommerce457f.css]
[themexriver.com/wp/gtbus/wp-content/plugins/woocommerce/assets/images/icons/credit-cards/discover.svg]
[themexriver.com/wp/gtbus/wp-content/themes/gtbus/assets/css/bootstrap.min6c2d.css]
[themexriver.com/wp/gtbus/wp-content/themes/gtbus/assets/fonts/fa-brands-400.woff2]
[themexriver.com/wp/gtbus/wp-content/themes/gtbus/assets/fonts/fa-brands-400.ttf]
[themexriver.com/wp/gtbus/wp-content/themes/gtbus/assets/fonts/fa-duotone-900.woff2]
[themexriver.com/wp/gtbus/wp-content/themes/gtbus/assets/fonts/fa-duotone-900.ttf]
[themexriver.com/wp/gtbus/wp-content/themes/gtbus/assets/fonts/fa-light-300.woff2]
[themexriver.com/wp/gtbus/wp-content/themes/gtbus/assets/fonts/fa-regular-400.woff2]
[themexriver.com/wp/gtbus/wp-content/themes/gtbus/assets/fonts/fa-light-300.ttf]
[themexriver.com/wp/gtbus/wp-content/themes/gtbus/assets/fonts/fa-solid-900.woff2]
[themexriver.com/wp/gtbus/wp-content/themes/gtbus/assets/fonts/fa-regular-400.ttf]
[themexriver.com/wp/gtbus/wp-content/themes/gtbus/assets/fonts/fa-solid-900.ttf]
[themexriver.com/wp/gtbus/wp-content/themes/gtbus/assets/fonts/fa-thin-100.woff2]
[themexriver.com/wp/gtbus/wp-content/themes/gtbus/assets/fonts/fa-thin-100.ttf]
[themexriver.com/wp/gtbus/wp-content/themes/gtbus/assets/fonts/fa-v4compatibility.woff2]
[themexriver.com/wp/gtbus/wp-content/themes/gtbus/assets/css/all.min6c2d.css]
[themexriver.com/wp/gtbus/wp-content/themes/gtbus/assets/fonts/fa-v4compatibility.ttf]
[themexriver.com/wp/gtbus/wp-content/themes/gtbus/assets/css/animate6c2d.css]
[themexriver.com/wp/gtbus/wp-content/themes/gtbus/assets/css/magnific-popup6c2d.css]
[themexriver.com/wp/gtbus/wp-content/themes/gtbus/assets/fonts/flaticon_mycollectione882.woff2]
[themexriver.com/wp/gtbus/wp-content/themes/gtbus/assets/fonts/flaticon_mycollectione882.woff]
[themexriver.com/wp/gtbus/wp-content/themes/gtbus/assets/fonts/flaticon_mycollectione882.eot]
[themexriver.com/wp/gtbus/wp-content/themes/gtbus/assets/fonts/flaticon_mycollectione882.ttf]
[themexriver.com/wp/gtbus/wp-content/themes/gtbus/assets/css/flaticon_mycollection6c2d.css]
[themexriver.com/wp/gtbus/wp-content/themes/gtbus/assets/fonts/flaticon_mycollectione882.svg]
[themexriver.com/wp/gtbus/wp-content/themes/gtbus/assets/fonts/flaticon_all_buscon9b28.ttf]
[themexriver.com/wp/gtbus/wp-content/themes/gtbus/assets/fonts/flaticon_all_buscon9b28.woff]
[themexriver.com/wp/gtbus/wp-content/themes/gtbus/assets/fonts/flaticon_all_buscon9b28.woff2]
[themexriver.com/wp/gtbus/wp-content/themes/gtbus/assets/css/flaticon6c2d.css]
[themexriver.com/wp/gtbus/wp-content/themes/gtbus/assets/css/swiper.min6c2d.css]
[themexriver.com/wp/gtbus/wp-content/themes/gtbus/assets/css/post6c2d.css]
[themexriver.com/wp/gtbus/wp-content/themes/gtbus/assets/fonts/flaticon_all_buscon9b28.eot]
[themexriver.com/wp/gtbus/wp-content/themes/gtbus/assets/css/main6c2d.css]
[themexriver.com/wp/gtbus/wp-content/themes/gtbus/woocommerce/woocommerce6c2d.css]
[themexriver.com/wp/gtbus/wp-content/themes/gtbus/style6c2d.css]
[themexriver.com/wp/gtbus/wp-content/themes/gtbus/assets/css/custom-style6c2d.css]
[themexriver.com/wp/gtbus/wp-content/themes/gtbus/assets/fonts/flaticon_all_buscon9b28.svg]
[themexriver.com/wp/gtbus/wp-content/plugins/elementor/assets/lib/eicons/fonts/eiconsc63f.eot]
[themexriver.com/wp/gtbus/wp-content/plugins/elementor/assets/lib/eicons/fonts/eiconsc63f.woff2]
[themexriver.com/wp/gtbus/wp-content/plugins/elementor/assets/lib/eicons/fonts/eiconsc63f.woff]
[themexriver.com/wp/gtbus/wp-content/plugins/elementor/assets/lib/eicons/fonts/eiconsc63f.ttf]
[themexriver.com/wp/gtbus/wp-content/plugins/elementor/assets/lib/eicons/css/elementor-icons.mine94d.css]
[themexriver.com/wp/gtbus/wp-content/plugins/elementor/assets/lib/eicons/fonts/eiconsc63f.svg]
[themexriver.com/wp/gtbus/wp-content/plugins/elementor/assets/css/frontend-lite.min5f06.css]
[themexriver.com/wp/gtbus/wp-content/uploads/elementor/css/post-3726fc.css]
[themexriver.com/wp/gtbus/wp-content/uploads/elementor/css/global26fc.css]
[themexriver.com/wp/gtbus/wp-content/uploads/body-bg-main-scaled.webp]
[themexriver.com/wp/gtbus/wp-content/uploads/elementor/css/post-11526fc.css]
[themexriver.com/wp/gtbus/wp-includes/js/jquery/jquery.minf43b.js]
[themexriver.com/wp/gtbus/wp-includes/js/jquery/jquery-migrate.min5589.js]
[themexriver.com/wp/gtbus/wp-content/plugins/woocommerce/assets/js/jquery-blockui/jquery.blockUI.min4485.js]
[themexriver.com/wp/gtbus/wp-content/plugins/woocommerce/assets/js/frontend/add-to-cart.min457f.js]
[themexriver.com/wp/gtbus/wp-content/plugins/woocommerce/assets/js/js-cookie/js.cookie.mina682.js]
[themexriver.com/wp/gtbus/wp-content/plugins/woocommerce/assets/js/frontend/woocommerce.min457f.js]
[themexriver.com/wp/gtbus/wp-content/themes/gtbus/assets/img/logo.svg]
[themexriver.com/wp/gtbus/wp-content/uploads/logo-1.svg]
[themexriver.com/wp/gtbus/wp-content/uploads/elementor/css/post-80815df.css]
[themexriver.com/wp/gtbus/wp-json/wp/v2/pages/808.json]
[themexriver.com/wp/gtbus/wp-json/oembed/1.0/embedfa14.json]
[themexriver.com/wp/gtbus/wp-json/oembed/1.0/embed28b0]
[themexriver.com/wp/gtbus/wp-content/uploads/logo-3.svg]
[themexriver.com/wp/gtbus/wp-content/uploads/banner-1.png]
[themexriver.com/wp/gtbus/wp-content/uploads/ft-img1.png]
[themexriver.com/wp/gtbus/wp-content/uploads/bt4.jpg]
[themexriver.com/wp/gtbus/wp-content/uploads/bt2.jpg]
[themexriver.com/wp/gtbus/wp-content/uploads/bt3.jpg]
[themexriver.com/wp/gtbus/wp-content/uploads/ab1.jpg]
[themexriver.com/wp/gtbus/wp-content/uploads/ab2.jpg]
[themexriver.com/wp/gtbus/wp-content/uploads/pro-1.jpg]
[themexriver.com/wp/gtbus/wp-content/uploads/pro-2.jpg]
[themexriver.com/wp/gtbus/wp-content/uploads/pro-3.jpg]
[themexriver.com/wp/gtbus/wp-content/uploads/pro-4.jpg]
[themexriver.com/wp/gtbus/wp-content/uploads/pro-5.jpg]
[themexriver.com/wp/gtbus/wp-content/uploads/ts2.png]
[themexriver.com/wp/gtbus/wp-content/uploads/ts1.png]
[themexriver.com/wp/gtbus/wp-content/uploads/test1.png]
[themexriver.com/wp/gtbus/wp-content/uploads/test2.png]
[themexriver.com/wp/gtbus/wp-content/uploads/test3.png]
[themexriver.com/wp/gtbus/wp-content/uploads/sp1.png]
[themexriver.com/wp/gtbus/wp-content/uploads/sp2.png]
[themexriver.com/wp/gtbus/wp-content/uploads/sp3.png]
[themexriver.com/wp/gtbus/wp-content/uploads/sp4.png]
[themexriver.com/wp/gtbus/wp-content/uploads/sp5.png]
[themexriver.com/wp/gtbus/wp-content/uploads/sp6.png]
[themexriver.com/wp/gtbus/wp-content/uploads/sp7.png]
[themexriver.com/wp/gtbus/wp-content/uploads/price-bg.png]
[themexriver.com/wp/gtbus/wp-content/uploads/price-1.png]
[themexriver.com/wp/gtbus/wp-content/uploads/video-img1.jpg]
[themexriver.com/wp/gtbus/wp-content/uploads/cn1.jpg]
[themexriver.com/wp/gtbus/the-art-of-productivity-transforming-your-routine-for-maximum-efficiency-and-satisfaction/index.html]
[themexriver.com/wp/gtbus/wp-content/uploads/cs.png]
[themexriver.com/wp/gtbus/wp-content/plugins/elementor/assets/css/widget-icon-list.min.css]
[themexriver.com/wp/gtbus/wp-content/plugins/gtbus-plugin/elementor/assets/css/feature-area6c2d.css]
[themexriver.com/wp/gtbus/wp-content/plugins/gtbus-plugin/elementor/assets/css/info-box6c2d.css]
[themexriver.com/wp/gtbus/wp-content/plugins/gtbus-plugin/elementor/assets/css/service6c2d.css]
[themexriver.com/wp/gtbus/wp-content/plugins/gtbus-plugin/elementor/assets/css/testimonial6c2d.css]
[themexriver.com/wp/gtbus/wp-content/plugins/gtbus-plugin/elementor/assets/css/pricing-tab6c2d.css]
[themexriver.com/wp/gtbus/wp-content/plugins/gtbus-plugin/elementor/assets/css/faq6c2d.css]
[themexriver.com/wp/gtbus/wp-content/plugins/gtbus-plugin/elementor/assets/css/contact-section6c2d.css]
[themexriver.com/wp/gtbus/wp-content/uploads/elementor/css/post-130094e7.css]
[themexriver.com/wp/gtbus/home-2/index.html]
[themexriver.com/wp/gtbus/wp-content/uploads/elementor/css/post-133614c0.css]
[themexriver.com/wp/gtbus/wp-json/wp/v2/pages/1336.json]
[themexriver.com/wp/gtbus/wp-json/oembed/1.0/embedd931.json]
[themexriver.com/wp/gtbus/wp-json/oembed/1.0/embede86e]
[themexriver.com/wp/gtbus/wp-content/uploads/logo-v3.svg]
[themexriver.com/wp/gtbus/wp-content/uploads/banner-shape1.png]
[themexriver.com/wp/gtbus/wp-content/uploads/banner-shape2.png]
[themexriver.com/wp/gtbus/wp-content/uploads/banner-shape3.png]
[themexriver.com/wp/gtbus/wp-content/uploads/banner-sh1.png]
[themexriver.com/wp/gtbus/wp-content/uploads/banner-2.png]
[themexriver.com/wp/gtbus/wp-content/uploads/sp8.png]
[themexriver.com/wp/gtbus/wp-content/uploads/sp9.png]
[themexriver.com/wp/gtbus/wp-content/uploads/sp10.png]
[themexriver.com/wp/gtbus/wp-content/uploads/sp11.png]
[themexriver.com/wp/gtbus/wp-content/uploads/sp12.png]
[themexriver.com/wp/gtbus/wp-content/uploads/abc.png]
[themexriver.com/wp/gtbus/wp-content/uploads/ab2_1.jpg]
[themexriver.com/wp/gtbus/wp-content/uploads/ab2_2.png]
[themexriver.com/wp/gtbus/wp-content/uploads/service-shape1.png]
[themexriver.com/wp/gtbus/wp-content/uploads/service-shape2.png]
[themexriver.com/wp/gtbus/wp-content/uploads/service-shape3.png]
[themexriver.com/wp/gtbus/wp-content/uploads/service-1.png]
[themexriver.com/wp/gtbus/wp-content/uploads/tm1.png]
[themexriver.com/wp/gtbus/wp-content/uploads/tm2.png]
[themexriver.com/wp/gtbus/wp-content/uploads/tm3.png]
[themexriver.com/wp/gtbus/wp-content/uploads/cta-men.png]
[themexriver.com/wp/gtbus/wp-content/uploads/wc-men.png]
[themexriver.com/wp/gtbus/wp-content/uploads/pro-2.1.jpg]
[themexriver.com/wp/gtbus/wp-content/uploads/pro-2.2.jpg]
[themexriver.com/wp/gtbus/wp-content/uploads/pro-2.3.jpg]
[themexriver.com/wp/gtbus/wp-content/uploads/pro-2.4.jpg]
[themexriver.com/wp/gtbus/wp-content/uploads/blog-3.jpg]
[themexriver.com/wp/gtbus/wp-content/uploads/sp13.png]
[themexriver.com/wp/gtbus/wp-content/uploads/sp14.png]
[themexriver.com/wp/gtbus/wp-content/uploads/sp15.png]
[themexriver.com/wp/gtbus/wp-content/uploads/sp16.png]
[themexriver.com/wp/gtbus/wp-content/plugins/gtbus-plugin/elementor/assets/css/service-tab6c2d.css]
[themexriver.com/wp/gtbus/wp-content/plugins/gtbus-plugin/elementor/assets/css/team6c2d.css]
[themexriver.com/wp/gtbus/wp-content/plugins/gtbus-plugin/elementor/assets/css/projects-grid6c2d.css]
[themexriver.com/wp/gtbus/wp-content/uploads/elementor/css/post-1783d873.css]
[themexriver.com/wp/gtbus/home-3/index.html]
[themexriver.com/wp/gtbus/wp-content/uploads/elementor/css/post-357ddd.css]
[themexriver.com/wp/gtbus/wp-json/wp/v2/pages/35.json]
[themexriver.com/wp/gtbus/wp-json/oembed/1.0/embed6ecb.json]
[themexriver.com/wp/gtbus/wp-json/oembed/1.0/embedf3a9]
[themexriver.com/wp/gtbus/about-us/index.html]
[themexriver.com/wp/gtbus/wp-content/uploads/elementor/css/post-4966bf.css]
[themexriver.com/wp/gtbus/wp-json/wp/v2/pages/49.json]
[themexriver.com/wp/gtbus/wp-json/oembed/1.0/embed5176.json]
[themexriver.com/wp/gtbus/wp-json/oembed/1.0/embed7876]
[themexriver.com/wp/gtbus/projects/index.html]
[themexriver.com/wp/gtbus/wp-content/uploads/elementor/css/post-1999c637.css]
[themexriver.com/wp/gtbus/wp-json/wp/v2/pages/1999.json]
[themexriver.com/wp/gtbus/wp-json/oembed/1.0/embeda7ae.json]
[themexriver.com/wp/gtbus/wp-json/oembed/1.0/embed5b85]
[themexriver.com/wp/gtbus/project-masonry/index.html]
[themexriver.com/wp/gtbus/wp-content/uploads/elementor/css/post-517920.css]
[themexriver.com/wp/gtbus/wp-json/wp/v2/pages/51.json]
[themexriver.com/wp/gtbus/wp-json/oembed/1.0/embed6b0b.json]
[themexriver.com/wp/gtbus/wp-json/oembed/1.0/embedb13c]
[themexriver.com/wp/gtbus/wp-content/uploads/gto-pd-img-1.jpg]
[themexriver.com/wp/gtbus/wp-content/uploads/gto-pd-video-img-1.jpg]
[themexriver.com/wp/gtbus/wp-content/uploads/gto-pd-video-img-2.jpg]
[themexriver.com/wp/gtbus/wp-content/plugins/gtbus-plugin/elementor/assets/css/project-meta6c2d.css]
[themexriver.com/wp/gtbus/projects/projects-details/index.html]
[themexriver.com/wp/gtbus/wp-includes/css/dist/block-library/style.min6c2d.css]
[themexriver.com/wp/gtbus/wp-content/uploads/blog-4-1-820x350.jpg]
[themexriver.com/wp/gtbus/wp-content/uploads/blog-3-820x350.jpg]
[themexriver.com/wp/gtbus/wp-content/uploads/blog-2-820x350.jpg]
[themexriver.com/wp/gtbus/wp-content/uploads/blog-1-820x350.jpg]
[themexriver.com/wp/gtbus/wp-content/uploads/blog-4-1.jpg]
[themexriver.com/wp/gtbus/category/business/index.html]
[themexriver.com/wp/gtbus/blog/index.html]
[themexriver.com/wp/gtbus/category/consulting/index.html]
[themexriver.com/wp/gtbus/category/development/index.html]
[themexriver.com/wp/gtbus/category/makreting/index.html]
[themexriver.com/wp/gtbus/tag/best/index.html]
[themexriver.com/wp/gtbus/tag/business/index.html]
[themexriver.com/wp/gtbus/tag/design/index.html]
[themexriver.com/wp/gtbus/tag/development/index.html]
[themexriver.com/wp/gtbus/tag/featured/index.html]
[themexriver.com/wp/gtbus/tag/marketing/index.html]
[themexriver.com/wp/gtbus/wp-content/uploads/elementor/css/post-395fd1.css]
[themexriver.com/wp/gtbus/wp-json/wp/v2/pages/39.json]
[themexriver.com/wp/gtbus/wp-json/oembed/1.0/embed8a7e.json]
[themexriver.com/wp/gtbus/wp-json/oembed/1.0/embedf267]
[themexriver.com/wp/gtbus/blog-grid/index.html]
[themexriver.com/wp/gtbus/unique-things-you-need-to-know-about-interior-printing/feed/index.html]
[themexriver.com/wp/gtbus/wp-json/wp/v2/posts/1255.json]
[themexriver.com/wp/gtbus/wp-json/oembed/1.0/embed588d.json]
[themexriver.com/wp/gtbus/wp-json/oembed/1.0/embed7e53]
[themexriver.com/wp/gtbus/xmlrpc.php]
[themexriver.com/wp/gtbus/wp-content/uploads/single-2.jpg]
[themexriver.com/wp/gtbus/wp-content/uploads/single-1.jpg]
[themexriver.com/wp/gtbus/unique-things-you-need-to-know-about-interior-printing/index.html]
[themexriver.com/wp/gtbus/wp-includes/js/comment-reply.min6c2d.js]
[themexriver.com/wp/gtbus/unique-things-you-need-to-know-about-interior-printing/index267f.html]
[themexriver.com/wp/gtbus/wp-content/uploads/elementor/css/post-530894.css]
[themexriver.com/wp/gtbus/wp-json/wp/v2/pages/53.json]
[themexriver.com/wp/gtbus/wp-json/oembed/1.0/embed6d05.json]
[themexriver.com/wp/gtbus/wp-json/oembed/1.0/embed2889]
[themexriver.com/wp/gtbus/services/index.html]
[themexriver.com/wp/gtbus/wp-content/uploads/elementor/css/post-57f5b8.css]
[themexriver.com/wp/gtbus/wp-json/wp/v2/pages/57.json]
[themexriver.com/wp/gtbus/wp-json/oembed/1.0/embed427a.json]
[themexriver.com/wp/gtbus/wp-json/oembed/1.0/embed86a3]
[themexriver.com/wp/gtbus/service-two/index.html]
[themexriver.com/wp/gtbus/wp-content/uploads/elementor/css/post-555329.css]
[themexriver.com/wp/gtbus/wp-json/wp/v2/pages/55.json]
[themexriver.com/wp/gtbus/wp-json/oembed/1.0/embed2d18.json]
[themexriver.com/wp/gtbus/wp-json/oembed/1.0/embed7ac1]
[themexriver.com/wp/gtbus/wp-content/uploads/gto-bd-img-1.jpg]
[themexriver.com/wp/gtbus/wp-content/uploads/gto-sd-img-1.jpg]
[themexriver.com/wp/gtbus/wp-content/uploads/gto-sd-img-2.jpg]
[themexriver.com/wp/gtbus/wp-content/uploads/gto-sd-img-4.jpg]
[themexriver.com/wp/gtbus/wp-content/uploads/gto-sd-img-5.jpg]
[themexriver.com/wp/gtbus/wp-content/uploads/gto-sd-img-3.jpg]
[themexriver.com/wp/gtbus/services/service-details/index.html]
[themexriver.com/wp/gtbus/shop/feed/index.html]
[themexriver.com/wp/gtbus/shop/shop-single.html]
[themexriver.com/wp/gtbus/wp-content/uploads/p6-300x300.jpg]
[themexriver.com/wp/gtbus/wp-content/uploads/p05-300x300.png]
[themexriver.com/wp/gtbus/shop/indexa7d5.html]
[themexriver.com/wp/gtbus/product/basic-gray-cap/index.html]
[themexriver.com/wp/gtbus/shop/index5a6b.html]
[themexriver.com/wp/gtbus/wp-content/uploads/p06-300x300.png]
[themexriver.com/wp/gtbus/product/beanie/index.html]
[themexriver.com/wp/gtbus/shop/indexd991.html]
[themexriver.com/wp/gtbus/product/belt/index.html]
[themexriver.com/wp/gtbus/wp-content/uploads/p2-300x300.jpg]
[themexriver.com/wp/gtbus/wp-content/uploads/p01-300x300.png]
[themexriver.com/wp/gtbus/wp-content/uploads/p07-300x300.png]
[themexriver.com/wp/gtbus/shop/indexc7bd.html]
[themexriver.com/wp/gtbus/product/black-headphone/index.html]
[themexriver.com/wp/gtbus/wp-content/uploads/p10-300x300.jpg]
[themexriver.com/wp/gtbus/product/canon-camera/index.html]
[themexriver.com/wp/gtbus/shop/indexf538.html]
[themexriver.com/wp/gtbus/wp-content/uploads/p02-300x300.png]
[themexriver.com/wp/gtbus/product/cap/index.html]
[themexriver.com/wp/gtbus/shop/index30b0.html]
[themexriver.com/wp/gtbus/wp-content/uploads/p03-300x300.png]
[themexriver.com/wp/gtbus/product/game-controllers/index.html]
[themexriver.com/wp/gtbus/product/hoodie/index.html]
[themexriver.com/wp/gtbus/wp-content/uploads/p3-300x300.jpg]
[themexriver.com/wp/gtbus/wp-content/uploads/p9-300x300.jpg]
[themexriver.com/wp/gtbus/shop/index22a1.html]
[themexriver.com/wp/gtbus/product/hoodie-with-logo/index.html]
[themexriver.com/wp/gtbus/wp-content/uploads/p8-300x300.jpg]
[themexriver.com/wp/gtbus/product/jeans-pant/index.html]
[themexriver.com/wp/gtbus/shop/index.html]
[themexriver.com/wp/gtbus/shop/indexd1c8.html]
[themexriver.com/wp/gtbus/product/leather-bag/index.html]
[themexriver.com/wp/gtbus/shop/indexeb42.html]
[themexriver.com/wp/gtbus/product/man-shoes/index.html]
[themexriver.com/wp/gtbus/shop/page/2/index.html]
[themexriver.com/wp/gtbus/wp-content/plugins/woocommerce/assets/css/photoswipe/photoswipe.min457f.css]
[themexriver.com/wp/gtbus/wp-content/plugins/woocommerce/assets/css/photoswipe/default-skin/default-skin.min457f.css]
[themexriver.com/wp/gtbus/wp-content/plugins/woocommerce/assets/js/flexslider/jquery.flexslider.min6aa9.js]
[themexriver.com/wp/gtbus/wp-content/plugins/woocommerce/assets/js/photoswipe/photoswipe.min2b35.js]
[themexriver.com/wp/gtbus/wp-content/plugins/woocommerce/assets/js/photoswipe/photoswipe-ui-default.min2b35.js]
[themexriver.com/wp/gtbus/wp-content/plugins/woocommerce/assets/js/frontend/single-product.min457f.js]
[themexriver.com/wp/gtbus/product/wireless-mouse/feed/index.html]
[themexriver.com/wp/gtbus/wp-json/wp/v2/product/2245.json]
[themexriver.com/wp/gtbus/wp-json/oembed/1.0/embed0f0f.json]
[themexriver.com/wp/gtbus/wp-json/oembed/1.0/embed7e97]
[themexriver.com/wp/gtbus/wp-content/uploads/p1.jpg]
[themexriver.com/wp/gtbus/wp-content/uploads/p1-600x559.jpg]
[themexriver.com/wp/gtbus/wp-content/uploads/p04.png]
[themexriver.com/wp/gtbus/wp-content/uploads/p04-600x559.png]
[themexriver.com/wp/gtbus/wp-content/uploads/p05.png]
[themexriver.com/wp/gtbus/wp-content/uploads/p05-600x559.png]
[themexriver.com/wp/gtbus/wp-content/uploads/p06.png]
[themexriver.com/wp/gtbus/wp-content/uploads/p06-600x559.png]
[themexriver.com/wp/gtbus/product/wireless-mouse/shop-single.html]
[themexriver.com/wp/gtbus/product-category/clothing/accessories/index.html]
[themexriver.com/wp/gtbus/product-tag/product/index.html]
[themexriver.com/wp/gtbus/product-tag/startup/index.html]
[themexriver.com/wp/gtbus/wp-content/uploads/p4-300x300.jpg]
[themexriver.com/wp/gtbus/product/wireless-mouse/indexd991.html]
[themexriver.com/wp/gtbus/product/wireless-mouse/index.html]
[themexriver.com/wp/gtbus/product/wireless-mouse/index5a6b.html]
[themexriver.com/wp/gtbus/product/wireless-mouse/indexf538.html]
[themexriver.com/wp/gtbus/product/wireless-mouse/indexcf07.html]
[themexriver.com/wp/gtbus/product/winter-new-jacket/index.html]
[themexriver.com/wp/gtbus/wp-content/plugins/woocommerce/assets/css/select2457f.css]
[themexriver.com/wp/gtbus/wp-content/plugins/woocommerce/assets/js/selectWoo/selectWoo.full.min6368.js]
[themexriver.com/wp/gtbus/wp-json/wp/v2/pages/2221.json]
[themexriver.com/wp/gtbus/wp-json/oembed/1.0/embedf290.json]
[themexriver.com/wp/gtbus/wp-json/oembed/1.0/embed790b]
[themexriver.com/wp/gtbus/my-account/index.html]
[themexriver.com/wp/gtbus/checkout/index.html]
[themexriver.com/wp/gtbus/my-account/lost-password/index.html]
[themexriver.com/wp/gtbus/wp-content/plugins/woocommerce/assets/js/frontend/country-select.min457f.js]
[themexriver.com/wp/gtbus/wp-content/plugins/woocommerce/assets/js/frontend/address-i18n.min457f.js]
[themexriver.com/wp/gtbus/wp-content/plugins/woocommerce/assets/js/frontend/cart.min457f.js]
[themexriver.com/wp/gtbus/wp-json/wp/v2/pages/2219.json]
[themexriver.com/wp/gtbus/wp-json/oembed/1.0/embed8d74.json]
[themexriver.com/wp/gtbus/wp-json/oembed/1.0/embed3880]
[themexriver.com/wp/gtbus/wp-content/uploads/p1-300x300.jpg]
[themexriver.com/wp/gtbus/wp-content/plugins/woocommerce/assets/client/blocks/all-productsffe6.css]
[themexriver.com/wp/gtbus/cart/index7eb3.html]
[themexriver.com/wp/gtbus/wp-content/plugins/woocommerce/assets/client/blocks/cartffe6.css]
[themexriver.com/wp/gtbus/cart/indexc7bd.html]
[themexriver.com/wp/gtbus/wp-content/plugins/woocommerce/assets/client/blocks/packages-styleffe6.css]
[themexriver.com/wp/gtbus/wp-includes/js/dist/vendor/lodash.mind1d1.js]
[themexriver.com/wp/gtbus/wp-includes/js/dist/vendor/react.mine1ab.js]
[themexriver.com/wp/gtbus/wp-includes/js/dist/vendor/react-dom.mine1ab.js]
[themexriver.com/wp/gtbus/wp-includes/js/dist/vendor/react-jsx-runtime.mincb06.js]
[themexriver.com/wp/gtbus/wp-includes/js/dist/deprecated.min0a8b.js]
[themexriver.com/wp/gtbus/wp-includes/js/dist/dom.minbe50.js]
[themexriver.com/wp/gtbus/wp-includes/js/dist/escape-html.min3a9d.js]
[themexriver.com/wp/gtbus/wp-includes/js/dist/element.minfa0f.js]
[themexriver.com/wp/gtbus/wp-includes/js/dist/is-shallow-equal.mincb09.js]
[themexriver.com/wp/gtbus/wp-includes/js/dist/keycodes.min8cc0.js]
[themexriver.com/wp/gtbus/wp-includes/js/dist/priority-queue.minc7db.js]
[themexriver.com/wp/gtbus/wp-includes/js/dist/compose.minb1f8.js]
[themexriver.com/wp/gtbus/wp-includes/js/dist/private-apis.mine8e0.js]
[themexriver.com/wp/gtbus/wp-includes/js/dist/redux-routine.min29d8.js]
[themexriver.com/wp/gtbus/wp-includes/js/dist/data.mindba4.js]
[themexriver.com/wp/gtbus/wp-includes/js/dist/vendor/wp-polyfill.min2c7c.js]
[themexriver.com/wp/gtbus/wp-content/plugins/woocommerce/assets/client/blocks/wc-blocks-registry8d1b.js]
[themexriver.com/wp/gtbus/wp-includes/js/dist/url.mind63a.js]
[themexriver.com/wp/gtbus/wp-includes/js/dist/api-fetch.minc31c.js]
[themexriver.com/wp/gtbus/wp-admin/admin-ajaxf809.php]
[themexriver.com/wp/gtbus/wp-content/plugins/woocommerce/assets/client/blocks/wc-settings8edc.js]
[themexriver.com/wp/gtbus/wp-content/plugins/woocommerce/assets/client/blocks/wc-typesee62.js]
[themexriver.com/wp/gtbus/wp-includes/js/dist/data-controls.min01e0.js]
[themexriver.com/wp/gtbus/wp-includes/js/dist/html-entities.min5b55.js]
[themexriver.com/wp/gtbus/wp-includes/js/dist/notices.minfe2f.js]
[themexriver.com/wp/gtbus/wp-content/plugins/woocommerce/assets/client/blocks/wc-blocks-middlewarece2b.js]
[themexriver.com/wp/gtbus/wp-content/plugins/woocommerce/assets/client/blocks/wc-blocks-dataf3db.js]
[themexriver.com/wp/gtbus/wp-includes/js/dist/dom-ready.min5346.js]
[themexriver.com/wp/gtbus/wp-includes/js/dist/a11y.min3f73.js]
[themexriver.com/wp/gtbus/wp-includes/js/dist/primitives.min4e94.js]
[themexriver.com/wp/gtbus/wp-content/plugins/woocommerce/assets/client/blocks/wc-blocks-vendors-frontendbcfe.js]
[themexriver.com/wp/gtbus/wp-content/plugins/woocommerce/assets/client/blocks/blocks-components263c.js]
[themexriver.com/wp/gtbus/wp-includes/js/dist/warning.min85d7.js]
[themexriver.com/wp/gtbus/wp-content/plugins/woocommerce/assets/client/blocks/blocks-checkoutb753.js]
[themexriver.com/wp/gtbus/wp-content/plugins/woocommerce/assets/client/blocks/wc-blocks-shared-context924b.js]
[themexriver.com/wp/gtbus/wp-content/plugins/woocommerce/assets/client/blocks/wc-blocks-shared-hocs67bc.js]
[themexriver.com/wp/gtbus/wp-content/plugins/woocommerce/assets/client/blocks/price-format65ec.js]
[themexriver.com/wp/gtbus/wp-includes/js/dist/autop.min33af.js]
[themexriver.com/wp/gtbus/wp-includes/js/dist/plugins.min8a16.js]
[themexriver.com/wp/gtbus/wp-includes/js/dist/style-engine.min2236.js]
[themexriver.com/wp/gtbus/wp-includes/js/dist/wordcount.min9ebf.js]
[themexriver.com/wp/gtbus/cart/index.html]
[themexriver.com/wp/gtbus/wp-content/plugins/woocommerce/assets/client/blocks/cart-frontend14ac.js]
[themexriver.com/wp/gtbus/wp-content/uploads/elementor/css/post-45e3ea.css]
[themexriver.com/wp/gtbus/wp-json/wp/v2/pages/45.json]
[themexriver.com/wp/gtbus/wp-json/oembed/1.0/embed4910.json]
[themexriver.com/wp/gtbus/wp-json/oembed/1.0/embed48ea]
[themexriver.com/wp/gtbus/clients/index.html]
[themexriver.com/wp/gtbus/wp-content/uploads/elementor/css/post-431781.css]
[themexriver.com/wp/gtbus/wp-json/wp/v2/pages/43.json]
[themexriver.com/wp/gtbus/wp-json/oembed/1.0/embedb72d.json]
[themexriver.com/wp/gtbus/wp-json/oembed/1.0/embed7de8]
[themexriver.com/wp/gtbus/faqs/index.html]
[themexriver.com/wp/gtbus/wp-content/uploads/elementor/css/post-5988d8.css]
[themexriver.com/wp/gtbus/wp-json/wp/v2/pages/59.json]
[themexriver.com/wp/gtbus/wp-json/oembed/1.0/embed2ff1.json]
[themexriver.com/wp/gtbus/wp-json/oembed/1.0/embed80b0]
[themexriver.com/wp/gtbus/team/index.html]
[themexriver.com/wp/gtbus/wp-content/uploads/elementor/css/post-614414.css]
[themexriver.com/wp/gtbus/wp-json/wp/v2/pages/61.json]
[themexriver.com/wp/gtbus/wp-json/oembed/1.0/embed04d2.json]
[themexriver.com/wp/gtbus/wp-json/oembed/1.0/embed4cb9]
[themexriver.com/wp/gtbus/team/team-details/index.html]
[themexriver.com/wp/gtbus/wp-content/uploads/elementor/css/post-632c8e.css]
[themexriver.com/wp/gtbus/wp-json/wp/v2/pages/63.json]
[themexriver.com/wp/gtbus/wp-json/oembed/1.0/embed5d8a.json]
[themexriver.com/wp/gtbus/wp-json/oembed/1.0/embed382e]
[themexriver.com/wp/gtbus/pricing-table/index.html]
[themexriver.com/wp/gtbus/404.html]
[themexriver.com/wp/gtbus/wp-content/uploads/elementor/css/post-41206d.css]
[themexriver.com/wp/gtbus/wp-json/wp/v2/pages/41.json]
[themexriver.com/wp/gtbus/wp-json/oembed/1.0/embede1f8.json]
[themexriver.com/wp/gtbus/wp-json/oembed/1.0/embedc1ed]
[themexriver.com/wp/gtbus/contact/index.html]
[themexriver.com/wp/gtbus/category/finance/feed/index.html]
[themexriver.com/wp/gtbus/wp-json/wp/v2/categories/4.json]
[themexriver.com/wp/gtbus/category/finance/index.html]
[themexriver.com/wp/gtbus/mind-body-and-soul-holistic-approaches-to-wellness-for-a-balanced-life/feed/index.html]
[themexriver.com/wp/gtbus/wp-json/wp/v2/posts/1.json]
[themexriver.com/wp/gtbus/wp-json/oembed/1.0/embed6231.json]
[themexriver.com/wp/gtbus/wp-json/oembed/1.0/embedf57c]
[themexriver.com/wp/gtbus/mind-body-and-soul-holistic-approaches-to-wellness-for-a-balanced-life/index.html]
[themexriver.com/wp/gtbus/mind-body-and-soul-holistic-approaches-to-wellness-for-a-balanced-life/index6809.html]
[themexriver.com/wp/gtbus/from-dream-to-reality-turning-your-goals-into-achievements-step-by-step/feed/index.html]
[themexriver.com/wp/gtbus/wp-json/wp/v2/posts/13.json]
[themexriver.com/wp/gtbus/wp-json/oembed/1.0/embed3ba9.json]
[themexriver.com/wp/gtbus/wp-json/oembed/1.0/embed65c2]
[themexriver.com/wp/gtbus/from-dream-to-reality-turning-your-goals-into-achievements-step-by-step/index.html]
[themexriver.com/wp/gtbus/wp-content/uploads/logo-2.svg]
[themexriver.com/wp/gtbus/wp-content/plugins/woocommerce/assets/client/blocks/wc-blocksffe6.css]
[themexriver.com/wp/gtbus/wp-content/plugins/gtbus-plugin/elementor/assets/css/hero6c2d.css]
[themexriver.com/wp/gtbus/wp-content/plugins/gtbus-plugin/elementor/assets/css/projects6c2d.css]
[themexriver.com/wp/gtbus/wp-content/plugins/gtbus-plugin/elementor/assets/css/cta6c2d.css]
[themexriver.com/wp/gtbus/wp-content/plugins/gtbus-plugin/elementor/assets/css/blog6c2d.css]
[themexriver.com/wp/gtbus/wp-content/plugins/gtbus-plugin/elementor/assets/css/counter6c2d.css]
[themexriver.com/wp/gtbus/wp-content/plugins/gtbus-plugin/elementor/assets/css/sponsor6c2d.css]
[themexriver.com/wp/gtbus/wp-content/uploads/elementor/css/post-73926fc.css]
[themexriver.com/wp/gtbus/wp-includes/js/dist/hooks.min4fdd.js]
[themexriver.com/wp/gtbus/wp-includes/js/dist/i18n.minc33c.js]
[themexriver.com/wp/gtbus/wp-content/plugins/contact-form-7/includes/swv/js/index1014.js]
[themexriver.com/wp/gtbus/wp-content/plugins/contact-form-7/includes/js/index1014.js]
[themexriver.com/wp/gtbus/wp-content/plugins/woocommerce/assets/js/sourcebuster/sourcebuster.min457f.js]
[themexriver.com/wp/gtbus/wp-content/plugins/woocommerce/assets/js/frontend/order-attribution.min457f.js]
[themexriver.com/wp/gtbus/wp-content/themes/gtbus/assets/js/bootstrap.bundle.min5152.js]
[themexriver.com/wp/gtbus/wp-content/themes/gtbus/assets/js/counterup.min5152.js]
[themexriver.com/wp/gtbus/wp-content/themes/gtbus/assets/js/gsap.min5152.js]
[themexriver.com/wp/gtbus/wp-content/themes/gtbus/assets/js/ScrollTrigger.min5152.js]
[themexriver.com/wp/gtbus/wp-content/themes/gtbus/assets/js/SplitText.min5152.js]
[themexriver.com/wp/gtbus/wp-content/themes/gtbus/assets/js/tilt.jquery.min5152.js]
[themexriver.com/wp/gtbus/wp-content/themes/gtbus/assets/js/jquery.magnific-popup.min5152.js]
[themexriver.com/wp/gtbus/wp-content/themes/gtbus/assets/js/lenis.min5152.js]
[themexriver.com/wp/gtbus/Version/index.html]
[themexriver.com/wp/gtbus/e.1a8.delayed]
[themexriver.com/wp/gtbus/t.params.url]
[themexriver.com/wp/gtbus/wp-content/themes/gtbus/assets/js/swiper-bundle.min5152.js]
[themexriver.com/wp/gtbus/unsupported value for Color.html]
[themexriver.com/wp/gtbus/wp-content/themes/gtbus/assets/js/chroma.min5152.js]
[themexriver.com/wp/gtbus/wp-content/themes/gtbus/assets/js/jquery.marquee.min5152.js]
[themexriver.com/wp/gtbus/wp-content/themes/gtbus/assets/js/waypoints.min5152.js]
[themexriver.com/wp/gtbus/wp-content/themes/gtbus/assets/js/wow.min5152.js]
[themexriver.com/wp/gtbus/wp-content/themes/gtbus/assets/js/main5152.js]
[themexriver.com/wp/gtbus/wp-content/plugins/elementor/assets/js/webpack.runtime.min5f06.js]
[themexriver.com/wp/gtbus/wp-content/plugins/elementor/assets/js/frontend-modules.min5f06.js]
[themexriver.com/wp/gtbus/wp-content/plugins/elementor/assets/lib/waypoints/waypoints.min05da.js]
[themexriver.com/wp/gtbus/wp-includes/js/jquery/ui/core.minb37e.js]
[themexriver.com/wp/gtbus/-negative.1ab.delayed]
[themexriver.com/wp/gtbus/wp-content/plugins/elementor/assets/js/frontend.min5f06.js]
[themexriver.com/wp/gtbus/wp-content/plugins/woocommerce/assets/images/icons/loader.svg]
[themexriver.com/wp/gtbus/wp-content/plugins/woocommerce/assets/images/icons/credit-cards/visa.svg]
[themexriver.com/wp/gtbus/wp-content/plugins/woocommerce/assets/images/icons/credit-cards/mastercard.svg]
[themexriver.com/wp/gtbus/wp-content/plugins/woocommerce/assets/images/icons/credit-cards/laser.svg]
[themexriver.com/wp/gtbus/wp-content/plugins/woocommerce/assets/images/icons/credit-cards/diners.svg]
[themexriver.com/wp/gtbus/wp-content/plugins/woocommerce/assets/images/icons/credit-cards/maestro.svg]
[themexriver.com/wp/gtbus/wp-content/plugins/woocommerce/assets/images/icons/credit-cards/jcb.svg]
[themexriver.com/wp/gtbus/wp-content/plugins/woocommerce/assets/images/icons/credit-cards/amex.svg]
[themexriver.com/wp/gtbus/wp-content/plugins/woocommerce/assets/images/icons/credit-cards/discover.svg]
[themexriver.com/wp/gtbus/wp-content/themes/gtbus/assets/fonts/flaticon_mycollectione882.svg]
[themexriver.com/wp/gtbus/OPR/index.html]
[themexriver.com/wp/gtbus/wp-content/themes/gtbus/assets/fonts/flaticon_all_buscon9b28.svg]
[themexriver.com/wp/gtbus/wp-content/plugins/elementor/assets/lib/eicons/fonts/eiconsc63f.svg]
[themexriver.com/wp/gtbus/wp-content/uploads/price-bg.jpg]
[themexriver.com/wp/gtbus/wp-content/uploads/elementor/css/post-80815df.css]
[themexriver.com/wp/gtbus/indexef2e.html]
[themexriver.com/wp/gtbus/wp-content/uploads/logo-3.svg]
[themexriver.com/wp/gtbus/the-art-of-productivity-transforming-your-routine-for-maximum-efficiency-and-satisfaction/feed/index.html]
[themexriver.com/wp/gtbus/wp-json/wp/v2/posts/15.json]
[themexriver.com/wp/gtbus/wp-json/oembed/1.0/embed1137.json]
[themexriver.com/wp/gtbus/wp-json/oembed/1.0/embed1d56]
[themexriver.com/wp/gtbus/the-art-of-productivity-transforming-your-routine-for-maximum-efficiency-and-satisfaction/index.html]
[themexriver.com/wp/gtbus/the-art-of-productivity-transforming-your-routine-for-maximum-efficiency-and-satisfaction/index3094.html]
[themexriver.com/wp/gtbus/the-art-of-productivity-transforming-your-routine-for-maximum-efficiency-and-satisfaction/index0e22.html]
[themexriver.com/wp/gtbus/wp-content/plugins/elementor/assets/css/widget-icon-list.min.css]
[themexriver.com/wp/gtbus/the-art-of-productivity-transforming-your-routine-for-maximum-efficiency-and-satisfaction/index21b4.html]
[themexriver.com/wp/gtbus/wp-content/plugins/gtbus-plugin/elementor/assets/css/feature-area6c2d.css]
[themexriver.com/wp/gtbus/the-art-of-productivity-transforming-your-routine-for-maximum-efficiency-and-satisfaction/index8e42.html]
[themexriver.com/wp/gtbus/wp-content/plugins/gtbus-plugin/elementor/assets/img/misc/arrow-2.1b0.delayed]
[themexriver.com/wp/gtbus/wp-content/plugins/gtbus-plugin/elementor/assets/img/misc/arrow-1.png]
[themexriver.com/wp/gtbus/wp-content/plugins/gtbus-plugin/elementor/assets/css/info-box6c2d.css]
[themexriver.com/wp/gtbus/wp-content/plugins/gtbus-plugin/elementor/assets/css/service6c2d.css]
[themexriver.com/wp/gtbus/wp-content/plugins/gtbus-plugin/elementor/assets/img/testimonial/qt3.png]
[themexriver.com/wp/gtbus/wp-content/plugins/gtbus-plugin/elementor/assets/img/testimonial/qt4.png]
[themexriver.com/wp/gtbus/wp-content/plugins/gtbus-plugin/elementor/assets/css/testimonial6c2d.css]
[themexriver.com/wp/gtbus/wp-content/plugins/gtbus-plugin/elementor/assets/css/pricing-tab6c2d.css]
[themexriver.com/wp/gtbus/wp-content/plugins/gtbus-plugin/elementor/assets/css/faq6c2d.css]
[themexriver.com/wp/gtbus/wp-content/plugins/gtbus-plugin/elementor/assets/css/contact-section6c2d.css]
[themexriver.com/wp/gtbus/wp-content/uploads/elementor/css/post-130094e7.css]
[themexriver.com/wp/gtbus/wp-content/uploads/banner-bg-2.jpg]
[themexriver.com/wp/gtbus/wp-content/uploads/wc-bg.jpg]
[themexriver.com/wp/gtbus/wp-content/uploads/contact-bg.jpg]
[themexriver.com/wp/gtbus/wp-content/uploads/arrow-1.png]
[themexriver.com/wp/gtbus/wp-content/uploads/arrow-2.png]
[themexriver.com/wp/gtbus/wp-content/uploads/blog-bg.jpg]
[themexriver.com/wp/gtbus/wp-content/uploads/elementor/css/post-133614c0.css]
[themexriver.com/wp/gtbus/index5c41.html]
[themexriver.com/wp/gtbus/wp-content/uploads/logo-v3.svg]
[themexriver.com/wp/gtbus/wp-content/plugins/gtbus-plugin/elementor/assets/css/service-tab6c2d.css]
[themexriver.com/wp/gtbus/wp-content/plugins/gtbus-plugin/elementor/assets/css/team6c2d.css]
[themexriver.com/wp/gtbus/wp-content/plugins/gtbus-plugin/elementor/assets/css/projects-grid6c2d.css]
[themexriver.com/wp/gtbus/wp-content/uploads/footer-bg.jpg]
[themexriver.com/wp/gtbus/wp-content/uploads/elementor/css/post-1783d873.css]
[themexriver.com/wp/gtbus/wp-content/uploads/elementor/css/post-357ddd.css]
[themexriver.com/wp/gtbus/index5c90.html]
[themexriver.com/wp/gtbus/wp-content/uploads/elementor/css/post-4966bf.css]
[themexriver.com/wp/gtbus/index0012.html]
[themexriver.com/wp/gtbus/wp-content/uploads/elementor/css/post-1999c637.css]
[themexriver.com/wp/gtbus/index6752.html]
[themexriver.com/wp/gtbus/wp-content/uploads/elementor/css/post-517920.css]
[themexriver.com/wp/gtbus/index8cf7.html]
[themexriver.com/wp/gtbus/wp-content/plugins/gtbus-plugin/elementor/assets/css/project-meta6c2d.css]
[themexriver.com/wp/gtbus/wp-includes/css/dist/block-library/style.min6c2d.css]
[themexriver.com/wp/gtbus/wp-json/wp/v2/categories/2.json]
[themexriver.com/wp/gtbus/category/business/index.html]
[themexriver.com/wp/gtbus/category/business/feed/index.html]
[themexriver.com/wp/gtbus/category/consulting/feed/index.html]
[themexriver.com/wp/gtbus/wp-json/wp/v2/categories/3.json]
[themexriver.com/wp/gtbus/category/consulting/index.html]
[themexriver.com/wp/gtbus/category/development/feed/index.html]
[themexriver.com/wp/gtbus/wp-json/wp/v2/categories/5.json]
[themexriver.com/wp/gtbus/category/development/index.html]
[themexriver.com/wp/gtbus/category/makreting/feed/index.html]
[themexriver.com/wp/gtbus/wp-json/wp/v2/categories/6.json]
[themexriver.com/wp/gtbus/category/makreting/index.html]
[themexriver.com/wp/gtbus/tag/best/feed/index.html]
[themexriver.com/wp/gtbus/wp-json/wp/v2/tags/7.json]
[themexriver.com/wp/gtbus/tag/best/index.html]
[themexriver.com/wp/gtbus/tag/business/feed/index.html]
[themexriver.com/wp/gtbus/wp-json/wp/v2/tags/8.json]
[themexriver.com/wp/gtbus/tag/business/index.html]
[themexriver.com/wp/gtbus/tag/design/feed/index.html]
[themexriver.com/wp/gtbus/wp-json/wp/v2/tags/9.json]
[themexriver.com/wp/gtbus/tag/design/index.html]
[themexriver.com/wp/gtbus/tag/development/feed/index.html]
[themexriver.com/wp/gtbus/wp-json/wp/v2/tags/10.json]
[themexriver.com/wp/gtbus/tag/development/index.html]
[themexriver.com/wp/gtbus/tag/featured/feed/index.html]
[themexriver.com/wp/gtbus/wp-json/wp/v2/tags/11.json]
[themexriver.com/wp/gtbus/tag/featured/index.html]
[themexriver.com/wp/gtbus/tag/marketing/feed/index.html]
[themexriver.com/wp/gtbus/wp-json/wp/v2/tags/12.json]
[themexriver.com/wp/gtbus/tag/marketing/index.html]
[themexriver.com/wp/gtbus/wp-content/uploads/elementor/css/post-395fd1.css]
[themexriver.com/wp/gtbus/indexba52.html]
[themexriver.com/wp/gtbus/index3eeb.html]
[themexriver.com/wp/gtbus/xmlrpc.php]
[themexriver.com/wp/gtbus/unique-things-you-need-to-know-about-interior-printing/index267f.html]
[themexriver.com/wp/gtbus/wp-includes/js/comment-reply.min6c2d.js]
[themexriver.com/wp/gtbus/wp-content/uploads/elementor/css/post-530894.css]
[themexriver.com/wp/gtbus/index5fb3.html]
[themexriver.com/wp/gtbus/wp-content/uploads/elementor/css/post-57f5b8.css]
[themexriver.com/wp/gtbus/index9787.html]
[themexriver.com/wp/gtbus/wp-content/uploads/sd-sidebar-cta-img-1.jpg]
[themexriver.com/wp/gtbus/wp-content/uploads/elementor/css/post-555329.css]
[themexriver.com/wp/gtbus/index8054.html]
[themexriver.com/wp/gtbus/shop/shop-single.html]
[themexriver.com/wp/gtbus/wp-content/plugins/woocommerce/assets/client/blocks/checkout-frontendf80c.js]
[themexriver.com/wp/gtbus/shop/indexa7d5.html]
[themexriver.com/wp/gtbus/wp-json/wp/v2/product/2233.json]
[themexriver.com/wp/gtbus/wp-json/oembed/1.0/embedbb47.json]
[themexriver.com/wp/gtbus/wp-json/oembed/1.0/embeded89]
[themexriver.com/wp/gtbus/product/basic-gray-cap/feed/index.html]
[themexriver.com/wp/gtbus/wp-content/uploads/p6.jpg]
[themexriver.com/wp/gtbus/wp-content/uploads/p6-600x559.jpg]
[themexriver.com/wp/gtbus/wp-content/uploads/p5.jpg]
[themexriver.com/wp/gtbus/wp-content/uploads/p5-600x559.jpg]
[themexriver.com/wp/gtbus/wp-content/uploads/p03.png]
[themexriver.com/wp/gtbus/wp-content/uploads/p03-600x559.png]
[themexriver.com/wp/gtbus/product-category/clothing/hoodies/index.html]
[themexriver.com/wp/gtbus/product-tag/innovation/index.html]
[themexriver.com/wp/gtbus/product/basic-gray-cap/shop-single.html]
[themexriver.com/wp/gtbus/product-tag/marketing/index.html]
[themexriver.com/wp/gtbus/product/basic-gray-cap/index.html]
[themexriver.com/wp/gtbus/shop/index5a6b.html]
[themexriver.com/wp/gtbus/product/basic-gray-cap/index22a1.html]
[themexriver.com/wp/gtbus/product/beanie/feed/index.html]
[themexriver.com/wp/gtbus/wp-json/wp/v2/product/2228.json]
[themexriver.com/wp/gtbus/wp-json/oembed/1.0/embed3924.json]
[themexriver.com/wp/gtbus/wp-json/oembed/1.0/embedcc71]
[themexriver.com/wp/gtbus/wp-content/uploads/p11.jpg]
[themexriver.com/wp/gtbus/wp-content/uploads/p11-600x559.jpg]
[themexriver.com/wp/gtbus/wp-content/uploads/p4.jpg]
[themexriver.com/wp/gtbus/wp-content/uploads/p4-600x559.jpg]
[themexriver.com/wp/gtbus/product/beanie/shop-single.html]
[themexriver.com/wp/gtbus/product/beanie/index.html]
[themexriver.com/wp/gtbus/product/beanie/index7eb3.html]
[themexriver.com/wp/gtbus/product/beanie/indexd991.html]
[themexriver.com/wp/gtbus/product/beanie/indexf538.html]
[themexriver.com/wp/gtbus/product/beanie/indexcf07.html]
[themexriver.com/wp/gtbus/shop/indexd991.html]
[themexriver.com/wp/gtbus/wp-json/wp/v2/product/2229.json]
[themexriver.com/wp/gtbus/product/belt/feed/index.html]
[themexriver.com/wp/gtbus/wp-json/oembed/1.0/embed9d62.json]
[themexriver.com/wp/gtbus/wp-json/oembed/1.0/embed9bf7]
[themexriver.com/wp/gtbus/wp-content/uploads/p9.jpg]
[themexriver.com/wp/gtbus/wp-content/uploads/p9-600x559.jpg]
[themexriver.com/wp/gtbus/wp-content/uploads/p8.jpg]
[themexriver.com/wp/gtbus/wp-content/uploads/p8-600x559.jpg]
[themexriver.com/wp/gtbus/product/belt/shop-single.html]
[themexriver.com/wp/gtbus/product/belt/index.html]
[themexriver.com/wp/gtbus/product/belt/indexcf07.html]
[themexriver.com/wp/gtbus/product/belt/index5a6b.html]
[themexriver.com/wp/gtbus/product/belt/index7eb3.html]
[themexriver.com/wp/gtbus/product/belt/indexf538.html]
[themexriver.com/wp/gtbus/wp-json/wp/v2/product/2246.json]
[themexriver.com/wp/gtbus/product/black-headphone/feed/index.html]
[themexriver.com/wp/gtbus/wp-json/oembed/1.0/embedec32.json]
[themexriver.com/wp/gtbus/wp-json/oembed/1.0/embedd50e]
[themexriver.com/wp/gtbus/wp-content/uploads/p2.jpg]
[themexriver.com/wp/gtbus/wp-content/uploads/p2-600x559.jpg]
[themexriver.com/wp/gtbus/product/black-headphone/shop-single.html]
[themexriver.com/wp/gtbus/product/black-headphone/index.html]
[themexriver.com/wp/gtbus/product-category/clothing/index.html]
[themexriver.com/wp/gtbus/product/t-shirt/index.html]
[themexriver.com/wp/gtbus/product-tag/it-services/index.html]
[themexriver.com/wp/gtbus/product/black-headphone/indexa7d5.html]
[themexriver.com/wp/gtbus/shop/indexc7bd.html]
[themexriver.com/wp/gtbus/wp-json/wp/v2/product/2244.json]
[themexriver.com/wp/gtbus/wp-json/oembed/1.0/embed8b69.json]
[themexriver.com/wp/gtbus/wp-json/oembed/1.0/embed4aef]
[themexriver.com/wp/gtbus/wp-content/uploads/p01.png]
[themexriver.com/wp/gtbus/wp-content/uploads/p01-600x559.png]
[themexriver.com/wp/gtbus/wp-content/uploads/product1.jpg]
[themexriver.com/wp/gtbus/wp-content/uploads/product1-600x559.jpg]
[themexriver.com/wp/gtbus/product/canon-camera/feed/index.html]
[themexriver.com/wp/gtbus/product-category/clothing/tshirts/index.html]
[themexriver.com/wp/gtbus/product-tag/digital/index.html]
[themexriver.com/wp/gtbus/product-tag/on-sale/index.html]
[themexriver.com/wp/gtbus/product/canon-camera/shop-single.1ee.delayed]
[themexriver.com/wp/gtbus/wp-content/uploads/p04-300x300.png]
[themexriver.com/wp/gtbus/wp-content/uploads/product1-300x300.jpg]
[themexriver.com/wp/gtbus/product/canon-camera/index0b73.html]
[themexriver.com/wp/gtbus/product/canon-camera/indexd1c8.html]
[themexriver.com/wp/gtbus/product/canon-camera/indexeb42.html]
[themexriver.com/wp/gtbus/product/canon-camera/index.html]
[themexriver.com/wp/gtbus/product/v-neck-t-shirt/index.html]
[themexriver.com/wp/gtbus/shop/indexf538.html]
[themexriver.com/wp/gtbus/wp-json/wp/v2/product/2230.json]
[themexriver.com/wp/gtbus/product/cap/feed/index.html]
[themexriver.com/wp/gtbus/wp-json/oembed/1.0/embedcc78.json]
[themexriver.com/wp/gtbus/wp-json/oembed/1.0/embed3c9f]
[themexriver.com/wp/gtbus/wp-content/uploads/p07.png]
[themexriver.com/wp/gtbus/wp-content/uploads/p07-600x559.png]
[themexriver.com/wp/gtbus/product/cap/shop-single.1f6.delayed]
[themexriver.com/wp/gtbus/product/cap/index5a6b.html]
[themexriver.com/wp/gtbus/product/cap/index7eb3.html]
[themexriver.com/wp/gtbus/product/cap/indexd991.html]
[themexriver.com/wp/gtbus/product/cap/index.html]
[themexriver.com/wp/gtbus/product/cap/indexcf07.html]
[themexriver.com/wp/gtbus/shop/index30b0.html]
[themexriver.com/wp/gtbus/product/game-controllers/feed/index.html]
[themexriver.com/wp/gtbus/wp-json/wp/v2/product/2236.json]
[themexriver.com/wp/gtbus/wp-json/oembed/1.0/embed5c8a.json]
[themexriver.com/wp/gtbus/wp-json/oembed/1.0/embed6389]
[themexriver.com/wp/gtbus/wp-content/uploads/p10.jpg]
[themexriver.com/wp/gtbus/wp-content/uploads/p10-600x559.jpg]
[themexriver.com/wp/gtbus/wp-content/uploads/p02.png]
[themexriver.com/wp/gtbus/wp-content/uploads/p02-600x559.png]
[themexriver.com/wp/gtbus/product/game-controllers/shop-single.html]
[themexriver.com/wp/gtbus/product-category/music/index.html]
[themexriver.com/wp/gtbus/wp-content/uploads/p11-300x300.jpg]
[themexriver.com/wp/gtbus/product/game-controllers/index.html]
[themexriver.com/wp/gtbus/product/single/index.html]
[themexriver.com/wp/gtbus/product/game-controllers/indexfd45.html]
[themexriver.com/wp/gtbus/product/hoodie/feed/index.html]
[themexriver.com/wp/gtbus/wp-json/wp/v2/product/2225.json]
[themexriver.com/wp/gtbus/wp-json/oembed/1.0/embed325b.json]
[themexriver.com/wp/gtbus/wp-json/oembed/1.0/embed9dd5]
[themexriver.com/wp/gtbus/wp-content/uploads/p3.jpg]
[themexriver.com/wp/gtbus/wp-content/uploads/p3-600x559.jpg]
[themexriver.com/wp/gtbus/product/hoodie/shop-single.html]
[themexriver.com/wp/gtbus/product/hoodie/index22a1.html]
[themexriver.com/wp/gtbus/product/hoodie/indexa7d5.html]
[themexriver.com/wp/gtbus/wp-includes/js/underscore.min3ab8.js]
[themexriver.com/wp/gtbus/wp-includes/js/wp-util.min6c2d.js]
[themexriver.com/wp/gtbus/wp-content/plugins/woocommerce/assets/js/frontend/add-to-cart-variation.min457f.js]
[themexriver.com/wp/gtbus/product/hoodie/index.html]
[themexriver.com/wp/gtbus/shop/index22a1.html]
[themexriver.com/wp/gtbus/wp-json/wp/v2/product/2226.json]
[themexriver.com/wp/gtbus/wp-json/oembed/1.0/embede197.json]
[themexriver.com/wp/gtbus/wp-json/oembed/1.0/embed33b8]
[themexriver.com/wp/gtbus/product/hoodie-with-logo/feed/index.html]
[themexriver.com/wp/gtbus/product/hoodie-with-logo/shop-single.20c.delayed]
[themexriver.com/wp/gtbus/product/hoodie-with-logo/indexa7d5.html]
[themexriver.com/wp/gtbus/product/hoodie-with-logo/index.html]
[themexriver.com/wp/gtbus/wp-json/wp/v2/product/2247.json]
[themexriver.com/wp/gtbus/wp-json/oembed/1.0/embedabf6.json]
[themexriver.com/wp/gtbus/wp-json/oembed/1.0/embed052f]
[themexriver.com/wp/gtbus/product/jeans-pant/index.html]
[themexriver.com/wp/gtbus/product-category/decor/index.html]
[themexriver.com/wp/gtbus/product-tag/best/index.html]
[themexriver.com/wp/gtbus/product-tag/technology/index.html]
[themexriver.com/wp/gtbus/shop/indexd1c8.html]
[themexriver.com/wp/gtbus/product/jeans-pant/feed/index.html]
[themexriver.com/wp/gtbus/product/leather-bag/feed/index.html]
[themexriver.com/wp/gtbus/wp-json/wp/v2/product/2235.json]
[themexriver.com/wp/gtbus/wp-json/oembed/1.0/embed2c08.json]
[themexriver.com/wp/gtbus/wp-json/oembed/1.0/embed75e0]
[themexriver.com/wp/gtbus/product/leather-bag/shop-single.html]
[themexriver.com/wp/gtbus/product/leather-bag/index.html]
[themexriver.com/wp/gtbus/shop/indexeb42.html]
[themexriver.com/wp/gtbus/product/leather-bag/indexeb42.html]
[themexriver.com/wp/gtbus/product/leather-bag/index0b73.html]
[themexriver.com/wp/gtbus/product/leather-bag/indexc7bd.html]
[themexriver.com/wp/gtbus/wp-json/wp/v2/product/2234.json]
[themexriver.com/wp/gtbus/product/man-shoes/feed/index.html]
[themexriver.com/wp/gtbus/wp-json/oembed/1.0/embed3ef1.json]
[themexriver.com/wp/gtbus/wp-json/oembed/1.0/embed76c1]
[themexriver.com/wp/gtbus/product/man-shoes/shop-single.html]
[themexriver.com/wp/gtbus/product/man-shoes/index.html]
[themexriver.com/wp/gtbus/product/man-shoes/indexd1c8.html]
[themexriver.com/wp/gtbus/product/man-shoes/index0b73.html]
[themexriver.com/wp/gtbus/product/man-shoes/indexc7bd.html]
[themexriver.com/wp/gtbus/shop/page/2/shop-single.html]
[themexriver.com/wp/gtbus/shop/page/2/index.html]
[themexriver.com/wp/gtbus/shop/page/2/indexfd45.html]
[themexriver.com/wp/gtbus/shop/page/2/index0b73.html]
[themexriver.com/wp/gtbus/shop/page/2/index7eb3.html]
[themexriver.com/wp/gtbus/shop/page/2/indexcf07.html]
[themexriver.com/wp/gtbus/wp-content/plugins/woocommerce/assets/css/photoswipe/default-skin/default-skin.png]
[themexriver.com/wp/gtbus/wp-content/plugins/woocommerce/assets/css/photoswipe/photoswipe.min457f.css]
[themexriver.com/wp/gtbus/wp-content/plugins/woocommerce/assets/css/photoswipe/default-skin/default-skin.svg]
[themexriver.com/wp/gtbus/wp-content/plugins/woocommerce/assets/css/photoswipe/default-skin/preloader.gif]
[themexriver.com/wp/gtbus/wp-content/plugins/woocommerce/assets/css/photoswipe/default-skin/default-skin.min457f.css]
[themexriver.com/wp/gtbus/wp-content/plugins/woocommerce/assets/js/flexslider/jquery.flexslider.min6aa9.js]
[themexriver.com/wp/gtbus/wp-content/plugins/woocommerce/assets/js/photoswipe/photoswipe.min2b35.js]
[themexriver.com/wp/gtbus/wp-content/plugins/woocommerce/assets/js/photoswipe/photoswipe-ui-default.min2b35.js]
[themexriver.com/wp/gtbus/wp-content/plugins/woocommerce/assets/js/frontend/single-product.min457f.js]
[themexriver.com/wp/gtbus/indexd63f.html]
[themexriver.com/wp/gtbus/product-category/clothing/accessories/feed/index.html]
[themexriver.com/wp/gtbus/wp-json/wp/v2/product_cat/33.json]
[themexriver.com/wp/gtbus/product-category/clothing/accessories/shop-single.html]
[themexriver.com/wp/gtbus/product-category/clothing/accessories/index.html]
[themexriver.com/wp/gtbus/product-category/clothing/accessories/index5a6b.html]
[themexriver.com/wp/gtbus/product-category/clothing/accessories/indexd991.html]
[themexriver.com/wp/gtbus/product-category/clothing/accessories/indexf538.html]
[themexriver.com/wp/gtbus/product-category/clothing/accessories/indexcf07.html]
[themexriver.com/wp/gtbus/product-category/clothing/accessories/index7eb3.html]
[themexriver.com/wp/gtbus/product-tag/product/feed/index.html]
[themexriver.com/wp/gtbus/wp-json/wp/v2/product_tag/39.json]
[themexriver.com/wp/gtbus/product-tag/product/shop-single.html]
[themexriver.com/wp/gtbus/product-tag/product/index.html]
[themexriver.com/wp/gtbus/product-tag/product/index7eb3.html]
[themexriver.com/wp/gtbus/product-tag/startup/feed/index.html]
[themexriver.com/wp/gtbus/wp-json/wp/v2/product_tag/40.json]
[themexriver.com/wp/gtbus/product-tag/startup/shop-single.html]
[themexriver.com/wp/gtbus/product-tag/startup/index.html]
[themexriver.com/wp/gtbus/product/wireless-mouse/shop-single.html]
[themexriver.com/wp/gtbus/product-tag/startup/index7eb3.html]
[themexriver.com/wp/gtbus/product/wireless-mouse/indexd991.html]
[themexriver.com/wp/gtbus/product/wireless-mouse/index5a6b.html]
[themexriver.com/wp/gtbus/product/wireless-mouse/indexf538.html]
[themexriver.com/wp/gtbus/product/wireless-mouse/indexcf07.html]
[themexriver.com/wp/gtbus/wp-json/wp/v2/product/2231.json]
[themexriver.com/wp/gtbus/product/winter-new-jacket/feed/index.html]
[themexriver.com/wp/gtbus/wp-json/oembed/1.0/embed3190.json]
[themexriver.com/wp/gtbus/wp-json/oembed/1.0/embed4064]
[themexriver.com/wp/gtbus/product/winter-new-jacket/shop-single.html]
[themexriver.com/wp/gtbus/product/winter-new-jacket/index.html]
[themexriver.com/wp/gtbus/product/winter-new-jacket/indexd991.html]
[themexriver.com/wp/gtbus/product/winter-new-jacket/index5a6b.html]
[themexriver.com/wp/gtbus/product/winter-new-jacket/index7eb3.html]
[themexriver.com/wp/gtbus/product/winter-new-jacket/indexf538.html]
[themexriver.com/wp/gtbus/wp-content/plugins/woocommerce/assets/css/select2457f.css]
[themexriver.com/wp/gtbus/wp-content/plugins/woocommerce/assets/js/selectWoo/selectWoo.full.min6368.js]
[themexriver.com/wp/gtbus/wp-content/plugins/woocommerce/assets/js/frontend/account-i18n.min457f.js]
[themexriver.com/wp/gtbus/index4775.html]
[themexriver.com/wp/gtbus/wp-includes/js/zxcvbn-async.min5152.js]
[themexriver.com/wp/gtbus/wp-admin/js/password-strength-meter.min6c2d.js]
[themexriver.com/wp/gtbus/wp-content/plugins/woocommerce/assets/js/frontend/password-strength-meter.min457f.js]
[themexriver.com/wp/gtbus/my-account/lost-password/index.html]
[themexriver.com/wp/gtbus/wp-content/plugins/woocommerce/assets/js/frontend/country-select.min457f.js]
[themexriver.com/wp/gtbus/wp-content/plugins/woocommerce/assets/js/frontend/address-i18n.min457f.js]
[themexriver.com/wp/gtbus/wp-content/plugins/woocommerce/assets/js/frontend/cart.min457f.js]
[themexriver.com/wp/gtbus/index6617.html]
[themexriver.com/wp/gtbus/cart/index7eb3.html]
[themexriver.com/wp/gtbus/cart/indexc7bd.html]
[themexriver.com/wp/gtbus/wp-content/plugins/woocommerce/assets/client/blocks/all-productsffe6.css]
[themexriver.com/wp/gtbus/wp-content/plugins/woocommerce/assets/client/blocks/cartffe6.css]
[themexriver.com/wp/gtbus/wp-content/plugins/woocommerce/assets/client/blocks/packages-styleffe6.css]
[themexriver.com/wp/gtbus/wp-includes/js/dist/vendor/lodash.mind1d1.js]
[themexriver.com/wp/gtbus/wp-includes/js/dist/vendor/react.mine1ab.js]
[themexriver.com/wp/gtbus/cart/$&/index.html]
[themexriver.com/wp/gtbus/wp-includes/js/dist/vendor/react-dom.mine1ab.js]
[themexriver.com/wp/gtbus/wp-includes/js/dist/vendor/react-jsx-runtime.mincb06.js]
[themexriver.com/wp/gtbus/wp-includes/js/dist/deprecated.min0a8b.js]
[themexriver.com/wp/gtbus/wp-includes/js/dist/dom.minbe50.js]
[themexriver.com/wp/gtbus/wp-includes/js/dist/escape-html.min3a9d.js]
[themexriver.com/wp/gtbus/wp-includes/js/dist/element.minfa0f.js]
[themexriver.com/wp/gtbus/wp-includes/js/dist/is-shallow-equal.mincb09.js]
[themexriver.com/wp/gtbus/wp-includes/js/dist/keycodes.min8cc0.js]
[themexriver.com/wp/gtbus/wp-includes/js/dist/priority-queue.minc7db.js]
[themexriver.com/wp/gtbus/wp-includes/js/dist/compose.minb1f8.js]
[themexriver.com/wp/gtbus/wp-includes/js/dist/private-apis.mine8e0.js]
[themexriver.com/wp/gtbus/wp-includes/js/dist/redux-routine.min29d8.js]
[themexriver.com/wp/gtbus/wp-includes/js/dist/data.mindba4.js]
[themexriver.com/wp/gtbus/wp-includes/js/dist/vendor/wp-polyfill.min2c7c.js]
[themexriver.com/wp/gtbus/cart/Bun/index.html]
[themexriver.com/wp/gtbus/cart/Deno/index.html]
[themexriver.com/wp/gtbus/cart/Node.js/index.html]
[themexriver.com/wp/gtbus/wp-content/plugins/woocommerce/assets/client/blocks/wc-blocks-registry8d1b.js]
[themexriver.com/wp/gtbus/cart/e.22a.delayed]
[themexriver.com/wp/gtbus/wp-includes/js/dist/url.mind63a.js]
[themexriver.com/wp/gtbus/wp-includes/js/dist/api-fetch.minc31c.js]
[themexriver.com/wp/gtbus/wp-admin/admin-ajaxf809.html]
[themexriver.com/wp/gtbus/wp-content/plugins/woocommerce/assets/client/blocks/wc-settings8edc.js]
[themexriver.com/wp/gtbus/wp-content/plugins/woocommerce/assets/client/blocks/wc-typesee62.js]
[themexriver.com/wp/gtbus/wp-includes/js/dist/data-controls.min01e0.js]
[themexriver.com/wp/gtbus/wp-includes/js/dist/html-entities.min5b55.js]
[themexriver.com/wp/gtbus/wp-includes/js/dist/notices.minfe2f.js]
[themexriver.com/wp/gtbus/wp-content/plugins/woocommerce/assets/client/blocks/wc-blocks-middlewarece2b.js]
[themexriver.com/wp/gtbus/wp-content/plugins/woocommerce/assets/client/blocks/wc-blocks-dataf3db.js]
[themexriver.com/wp/gtbus/wp-includes/js/dist/dom-ready.min5346.js]
[themexriver.com/wp/gtbus/wp-includes/js/dist/a11y.min3f73.js]
[themexriver.com/wp/gtbus/wp-includes/js/dist/primitives.min4e94.js]
[themexriver.com/wp/gtbus/cart/GET]
[themexriver.com/wp/gtbus/wp-content/plugins/woocommerce/assets/client/blocks/wc-blocks-vendors-frontendbcfe.js]
[themexriver.com/wp/gtbus/wp-content/plugins/woocommerce/assets/client/blocks/blocks-components263c.js]
[themexriver.com/wp/gtbus/wp-includes/js/dist/warning.min85d7.js]
[themexriver.com/wp/gtbus/wp-content/plugins/woocommerce/assets/client/blocks/blocks-checkoutb753.js]
[themexriver.com/wp/gtbus/wp-content/plugins/woocommerce/assets/client/blocks/wc-blocks-shared-context924b.js]
[themexriver.com/wp/gtbus/wp-content/plugins/woocommerce/assets/client/blocks/wc-blocks-shared-hocs67bc.js]
[themexriver.com/wp/gtbus/wp-content/plugins/woocommerce/assets/client/blocks/price-format65ec.js]
[themexriver.com/wp/gtbus/wp-includes/js/dist/autop.min33af.js]
[themexriver.com/wp/gtbus/wp-includes/js/dist/plugins.min8a16.js]
[themexriver.com/wp/gtbus/wp-includes/js/dist/style-engine.min2236.js]
[themexriver.com/wp/gtbus/wp-includes/js/dist/wordcount.min9ebf.js]
[themexriver.com/wp/gtbus/wp-content/plugins/woocommerce/assets/client/blocks/cart-frontend14ac.js]
[themexriver.com/wp/gtbus/wp-content/uploads/elementor/css/post-45e3ea.css]
[themexriver.com/wp/gtbus/index5e74.html]
[themexriver.com/wp/gtbus/wp-content/uploads/elementor/css/post-431781.css]
[themexriver.com/wp/gtbus/index4170.html]
[themexriver.com/wp/gtbus/wp-content/uploads/elementor/css/post-5988d8.css]
[themexriver.com/wp/gtbus/index1098.html]
[themexriver.com/wp/gtbus/wp-content/uploads/elementor/css/post-614414.css]
[themexriver.com/wp/gtbus/index094d.html]
[themexriver.com/wp/gtbus/wp-content/uploads/elementor/css/post-632c8e.css]
[themexriver.com/wp/gtbus/index2cce.html]
[themexriver.com/wp/gtbus/wp-content/uploads/elementor/css/post-41206d.css]
[themexriver.com/wp/gtbus/indexcbb6.html]
[themexriver.com/wp/gtbus/indexcff1.html]
[themexriver.com/wp/gtbus/mind-body-and-soul-holistic-approaches-to-wellness-for-a-balanced-life/index6809.html]
[themexriver.com/wp/gtbus/index2dc4.html]
[themexriver.com/wp/gtbus/Version/index.html]
[themexriver.com/wp/gtbus/e.html]
[themexriver.com/wp/gtbus/t.params.html]
[themexriver.com/wp/gtbus/unsupported value for Color.html]
[themexriver.com/wp/gtbus/-negative.html]
[themexriver.com/wp/gtbus/OPR/index.html]
[themexriver.com/wp/gtbus/indexa1ca.html]
[themexriver.com/wp/gtbus/the-art-of-productivity-transforming-your-routine-for-maximum-efficiency-and-satisfaction/index0e22.html]
[themexriver.com/wp/gtbus/the-art-of-productivity-transforming-your-routine-for-maximum-efficiency-and-satisfaction/index3094.html]
[themexriver.com/wp/gtbus/the-art-of-productivity-transforming-your-routine-for-maximum-efficiency-and-satisfaction/index21b4.html]
[themexriver.com/wp/gtbus/the-art-of-productivity-transforming-your-routine-for-maximum-efficiency-and-satisfaction/index8e42.html]
[themexriver.com/wp/gtbus/wp-content/plugins/gtbus-plugin/elementor/assets/img/misc/arrow-2.html]
[themexriver.com/wp/gtbus/wp-content/plugins/gtbus-plugin/elementor/assets/img/misc/arrow-1.html]
[themexriver.com/wp/gtbus/wp-content/plugins/gtbus-plugin/elementor/assets/img/testimonial/qt3.html]
[themexriver.com/wp/gtbus/wp-content/plugins/gtbus-plugin/elementor/assets/img/testimonial/qt4.html]
[themexriver.com/wp/gtbus/wp-content/plugins/woocommerce/assets/client/blocks/checkout-frontendf80c.js]
[themexriver.com/wp/gtbus/indexbebf.html]
[themexriver.com/wp/gtbus/wp-json/wp/v2/product_cat/32.json]
[themexriver.com/wp/gtbus/product-category/clothing/hoodies/feed/index.html]
[themexriver.com/wp/gtbus/product-category/clothing/hoodies/shop-single.html]
[themexriver.com/wp/gtbus/product-category/clothing/hoodies/index.html]
[themexriver.com/wp/gtbus/product-tag/innovation/feed/index.html]
[themexriver.com/wp/gtbus/product-category/clothing/hoodies/index22a1.html]
[themexriver.com/wp/gtbus/product-category/clothing/hoodies/indexa7d5.html]
[themexriver.com/wp/gtbus/wp-json/wp/v2/product_tag/34.json]
[themexriver.com/wp/gtbus/product-tag/innovation/shop-single.22f.delayed]
[themexriver.com/wp/gtbus/product-tag/innovation/index.html]
[themexriver.com/wp/gtbus/product-tag/innovation/indexa7d5.html]
[themexriver.com/wp/gtbus/product-tag/marketing/feed/index.html]
[themexriver.com/wp/gtbus/wp-json/wp/v2/product_tag/35.json]
[themexriver.com/wp/gtbus/product-tag/marketing/shop-single.html]
[themexriver.com/wp/gtbus/product-tag/marketing/index.html]
[themexriver.com/wp/gtbus/product/basic-gray-cap/shop-single.html]
[themexriver.com/wp/gtbus/product/basic-gray-cap/index22a1.html]
[themexriver.com/wp/gtbus/index2a43.html]
[themexriver.com/wp/gtbus/product/beanie/shop-single.html]
[themexriver.com/wp/gtbus/product-tag/marketing/indexa7d5.html]
[themexriver.com/wp/gtbus/product/beanie/indexd991.html]
[themexriver.com/wp/gtbus/product/beanie/index7eb3.html]
[themexriver.com/wp/gtbus/product/beanie/indexf538.html]
[themexriver.com/wp/gtbus/product/beanie/indexcf07.html]
[themexriver.com/wp/gtbus/index3d15.html]
[themexriver.com/wp/gtbus/product/belt/shop-single.html]
[themexriver.com/wp/gtbus/product/belt/index5a6b.html]
[themexriver.com/wp/gtbus/product/belt/index7eb3.html]
[themexriver.com/wp/gtbus/product/belt/indexcf07.html]
[themexriver.com/wp/gtbus/product/belt/indexf538.html]
[themexriver.com/wp/gtbus/index5210.html]
[themexriver.com/wp/gtbus/wp-json/wp/v2/product/2227.json]
[themexriver.com/wp/gtbus/wp-json/oembed/1.0/embed5ce5.json]
[themexriver.com/wp/gtbus/wp-json/oembed/1.0/embed726d]
[themexriver.com/wp/gtbus/product/t-shirt/shop-single.html]
[themexriver.com/wp/gtbus/product/t-shirt/feed/index.html]
[themexriver.com/wp/gtbus/product/t-shirt/indexd1c8.html]
[themexriver.com/wp/gtbus/product/t-shirt/index.html]
[themexriver.com/wp/gtbus/product/t-shirt/indexc7bd.html]
[themexriver.com/wp/gtbus/product/t-shirt/indexeb42.html]
[themexriver.com/wp/gtbus/product-category/clothing/feed/index.html]
[themexriver.com/wp/gtbus/wp-json/wp/v2/product_cat/30.json]
[themexriver.com/wp/gtbus/product-category/clothing/shop-single.html]
[themexriver.com/wp/gtbus/product-category/clothing/index.html]
[themexriver.com/wp/gtbus/product-category/clothing/indexa7d5.html]
[themexriver.com/wp/gtbus/product-category/clothing/index5a6b.html]
[themexriver.com/wp/gtbus/product-category/clothing/indexd991.html]
[themexriver.com/wp/gtbus/product-category/clothing/indexc7bd.html]
[themexriver.com/wp/gtbus/product-category/clothing/indexf538.html]
[themexriver.com/wp/gtbus/product-category/clothing/index22a1.html]
[themexriver.com/wp/gtbus/product-category/clothing/indexd1c8.html]
[themexriver.com/wp/gtbus/product-category/clothing/indexeb42.html]
[themexriver.com/wp/gtbus/product-tag/it-services/feed/index.html]
[themexriver.com/wp/gtbus/product-category/clothing/index0b73.html]
[themexriver.com/wp/gtbus/product-category/clothing/page/2/index.html]
[themexriver.com/wp/gtbus/wp-json/wp/v2/product_tag/41.json]
[themexriver.com/wp/gtbus/product-tag/it-services/shop-single.html]
[themexriver.com/wp/gtbus/product-tag/it-services/index.html]
[themexriver.com/wp/gtbus/product/black-headphone/shop-single.html]
[themexriver.com/wp/gtbus/product/black-headphone/indexa7d5.html]
[themexriver.com/wp/gtbus/index4c6d.html]
[themexriver.com/wp/gtbus/product-category/clothing/tshirts/feed/index.html]
[themexriver.com/wp/gtbus/wp-json/wp/v2/product_cat/31.json]
[themexriver.com/wp/gtbus/product-category/clothing/tshirts/shop-single.html]
[themexriver.com/wp/gtbus/product-category/clothing/tshirts/index.html]
[themexriver.com/wp/gtbus/product-category/clothing/tshirts/indexc7bd.html]
[themexriver.com/wp/gtbus/product-category/clothing/tshirts/indexd1c8.html]
[themexriver.com/wp/gtbus/product-category/clothing/tshirts/indexeb42.html]
[themexriver.com/wp/gtbus/product-category/clothing/tshirts/index0b73.html]
[themexriver.com/wp/gtbus/wp-json/wp/v2/product_tag/37.json]
[themexriver.com/wp/gtbus/product-tag/digital/feed/index.html]
[themexriver.com/wp/gtbus/product-tag/digital/shop-single.html]
[themexriver.com/wp/gtbus/product-tag/digital/index.html]
[themexriver.com/wp/gtbus/wp-json/wp/v2/product_tag/38.json]
[themexriver.com/wp/gtbus/product-tag/digital/indexc7bd.html]
[themexriver.com/wp/gtbus/product-tag/on-sale/feed/index.html]
[themexriver.com/wp/gtbus/product-tag/on-sale/shop-single.html]
[themexriver.com/wp/gtbus/product-tag/on-sale/index.html]
[themexriver.com/wp/gtbus/product/canon-camera/shop-single.html]
[themexriver.com/wp/gtbus/product/canon-camera/index0b73.html]
[themexriver.com/wp/gtbus/product/canon-camera/indexd1c8.html]
[themexriver.com/wp/gtbus/product/canon-camera/indexeb42.html]
[themexriver.com/wp/gtbus/product-tag/on-sale/indexc7bd.html]
[themexriver.com/wp/gtbus/product/v-neck-t-shirt/feed/index.html]
[themexriver.com/wp/gtbus/wp-json/wp/v2/product/2224.json]
[themexriver.com/wp/gtbus/wp-json/oembed/1.0/embed5431.json]
[themexriver.com/wp/gtbus/wp-json/oembed/1.0/embed3441]
[themexriver.com/wp/gtbus/product/v-neck-t-shirt/shop-single.html]
[themexriver.com/wp/gtbus/product/v-neck-t-shirt/index.html]
[themexriver.com/wp/gtbus/product/v-neck-t-shirt/indexeb42.html]
[themexriver.com/wp/gtbus/index75dc.html]
[themexriver.com/wp/gtbus/product/cap/shop-single.html]
[themexriver.com/wp/gtbus/product/v-neck-t-shirt/indexc7bd.html]
[themexriver.com/wp/gtbus/product/v-neck-t-shirt/index0b73.html]
[themexriver.com/wp/gtbus/product/v-neck-t-shirt/indexd1c8.html]
[themexriver.com/wp/gtbus/product/cap/index5a6b.html]
[themexriver.com/wp/gtbus/product/cap/index7eb3.html]
[themexriver.com/wp/gtbus/product/cap/indexd991.html]
[themexriver.com/wp/gtbus/product/cap/indexcf07.html]
[themexriver.com/wp/gtbus/index02c1.html]
[themexriver.com/wp/gtbus/product-category/music/feed/index.html]
[themexriver.com/wp/gtbus/wp-json/wp/v2/product_cat/36.json]
[themexriver.com/wp/gtbus/product-category/music/shop-single.html]
[themexriver.com/wp/gtbus/product-category/music/index.html]
[themexriver.com/wp/gtbus/product/game-controllers/shop-single.html]
[themexriver.com/wp/gtbus/product/game-controllers/indexfd45.html]
[themexriver.com/wp/gtbus/product-category/music/index30b0.html]
[themexriver.com/wp/gtbus/product-category/music/indexfd45.html]
[themexriver.com/wp/gtbus/product/single/feed/index.html]
[themexriver.com/wp/gtbus/wp-json/wp/v2/product/2237.json]
[themexriver.com/wp/gtbus/wp-json/oembed/1.0/embedf683.json]
[themexriver.com/wp/gtbus/wp-json/oembed/1.0/embed185d]
[themexriver.com/wp/gtbus/product/single/shop-single.html]
[themexriver.com/wp/gtbus/product/single/index.html]
[themexriver.com/wp/gtbus/indexf11b.html]
[themexriver.com/wp/gtbus/product/hoodie/shop-single.html]
[themexriver.com/wp/gtbus/product/hoodie/index22a1.html]
[themexriver.com/wp/gtbus/product/hoodie/indexa7d5.html]
[themexriver.com/wp/gtbus/wp-includes/js/underscore.min3ab8.js]
[themexriver.com/wp/gtbus/wp-includes/js/wp-util.min6c2d.js]
[themexriver.com/wp/gtbus/wp-content/plugins/woocommerce/assets/js/frontend/add-to-cart-variation.min457f.js]
[themexriver.com/wp/gtbus/indexa4e2.html]
[themexriver.com/wp/gtbus/product/hoodie-with-logo/shop-single.html]
[themexriver.com/wp/gtbus/product/single/index30b0.html]
[themexriver.com/wp/gtbus/product/hoodie-with-logo/indexa7d5.html]
[themexriver.com/wp/gtbus/index57b6.html]
[themexriver.com/wp/gtbus/product-category/decor/feed/index.html]
[themexriver.com/wp/gtbus/wp-json/wp/v2/product_cat/42.json]
[themexriver.com/wp/gtbus/product-category/decor/shop-single.html]
[themexriver.com/wp/gtbus/product-category/decor/index.html]
[themexriver.com/wp/gtbus/product-tag/best/feed/index.html]
[themexriver.com/wp/gtbus/wp-json/wp/v2/product_tag/43.json]
[themexriver.com/wp/gtbus/product-tag/best/shop-single.html]
[themexriver.com/wp/gtbus/product-tag/best/index.html]
[themexriver.com/wp/gtbus/product-tag/technology/feed/index.html]
[themexriver.com/wp/gtbus/wp-json/wp/v2/product_tag/44.json]
[themexriver.com/wp/gtbus/product-tag/technology/shop-single.html]
[themexriver.com/wp/gtbus/product-tag/technology/index.html]
[themexriver.com/wp/gtbus/indexe132.html]
[themexriver.com/wp/gtbus/product/leather-bag/shop-single.html]
[themexriver.com/wp/gtbus/product/leather-bag/index0b73.html]
[themexriver.com/wp/gtbus/product/leather-bag/indexc7bd.html]
[themexriver.com/wp/gtbus/product/leather-bag/indexeb42.html]
[themexriver.com/wp/gtbus/indexa93b.html]
[themexriver.com/wp/gtbus/product/man-shoes/shop-single.html]
[themexriver.com/wp/gtbus/product/man-shoes/indexc7bd.html]
[themexriver.com/wp/gtbus/product/man-shoes/indexd1c8.html]
[themexriver.com/wp/gtbus/product/man-shoes/index0b73.html]
[themexriver.com/wp/gtbus/shop/page/2/shop-single.html]
[themexriver.com/wp/gtbus/shop/page/2/indexfd45.html]
[themexriver.com/wp/gtbus/shop/page/2/index0b73.html]
[themexriver.com/wp/gtbus/shop/page/2/indexcf07.html]
[themexriver.com/wp/gtbus/shop/page/2/index7eb3.html]
[themexriver.com/wp/gtbus/shop/page/1/index.html]
[themexriver.com/wp/gtbus/wp-content/plugins/woocommerce/assets/css/photoswipe/default-skin/default-skin.svg]
[themexriver.com/wp/gtbus/product-category/clothing/accessories/shop-single.html]
[themexriver.com/wp/gtbus/product-category/clothing/accessories/index5a6b.html]
[themexriver.com/wp/gtbus/product-category/clothing/accessories/indexd991.html]
[themexriver.com/wp/gtbus/product-category/clothing/accessories/indexf538.html]
[themexriver.com/wp/gtbus/product-category/clothing/accessories/indexcf07.html]
[themexriver.com/wp/gtbus/product-category/clothing/accessories/index7eb3.html]
[themexriver.com/wp/gtbus/product-tag/product/shop-single.html]
[themexriver.com/wp/gtbus/product-tag/product/index7eb3.html]
[themexriver.com/wp/gtbus/product-tag/startup/shop-single.html]
[themexriver.com/wp/gtbus/product-tag/startup/index7eb3.html]
[themexriver.com/wp/gtbus/indexba06.html]
[themexriver.com/wp/gtbus/product/winter-new-jacket/shop-single.html]
[themexriver.com/wp/gtbus/product/winter-new-jacket/index7eb3.html]
[themexriver.com/wp/gtbus/product/winter-new-jacket/indexd991.html]
[themexriver.com/wp/gtbus/product/winter-new-jacket/index5a6b.html]
[themexriver.com/wp/gtbus/product/winter-new-jacket/indexf538.html]
[themexriver.com/wp/gtbus/wp-includes/js/zxcvbn-async.min5152.js]
[themexriver.com/wp/gtbus/wp-admin/js/password-strength-meter.min6c2d.js]
[themexriver.com/wp/gtbus/wp-content/plugins/woocommerce/assets/js/frontend/password-strength-meter.min457f.js]
[themexriver.com/wp/gtbus/wp-content/plugins/woocommerce/assets/js/frontend/lost-password.min457f.js]
[themexriver.com/wp/gtbus/cart/$&/index.html]
[themexriver.com/wp/gtbus/cart/Bun/index.html]
[themexriver.com/wp/gtbus/cart/Deno/index.html]
[themexriver.com/wp/gtbus/cart/Node.js/index.html]
[themexriver.com/wp/gtbus/cart/e.html]
[themexriver.com/wp/gtbus/cart/Components must be wrapped within `SlotFillProvider`. See https_/developer.wordpress.org/block-editor/components/slot-fill/index.html]
[themexriver.com/wp/gtbus/cart/GET.html]
[themexriver.com/wp/gtbus/product-category/clothing/hoodies/shop-single.html]
[themexriver.com/wp/gtbus/cart/Components must be wrapped within SlotFillProvider. See https_/developer.wordpress.org/block-editor/components/slot-fill/index.html]
[themexriver.com/wp/gtbus/product-category/clothing/hoodies/indexa7d5.html]
[themexriver.com/wp/gtbus/product-category/clothing/hoodies/index22a1.html]
[themexriver.com/wp/gtbus/product-tag/innovation/shop-single.html]
[themexriver.com/wp/gtbus/product-tag/innovation/indexa7d5.html]
[themexriver.com/wp/gtbus/product-tag/marketing/shop-single.html]
[themexriver.com/wp/gtbus/product-tag/marketing/indexa7d5.html]
[themexriver.com/wp/gtbus/indexf883.html]
[themexriver.com/wp/gtbus/product/t-shirt/shop-single.html]
[themexriver.com/wp/gtbus/product/t-shirt/indexd1c8.html]
[themexriver.com/wp/gtbus/product/t-shirt/indexc7bd.html]
[themexriver.com/wp/gtbus/product/t-shirt/indexeb42.html]
[themexriver.com/wp/gtbus/product-category/clothing/shop-single.html]
[themexriver.com/wp/gtbus/product-category/clothing/indexa7d5.html]
[themexriver.com/wp/gtbus/product-category/clothing/index5a6b.html]
[themexriver.com/wp/gtbus/product-category/clothing/indexd991.html]
[themexriver.com/wp/gtbus/product-category/clothing/indexc7bd.html]
[themexriver.com/wp/gtbus/product-category/clothing/indexf538.html]
[themexriver.com/wp/gtbus/product-category/clothing/index22a1.html]
[themexriver.com/wp/gtbus/product-category/clothing/indexd1c8.html]
[themexriver.com/wp/gtbus/product-category/clothing/indexeb42.html]
[themexriver.com/wp/gtbus/product-category/clothing/index0b73.html]
[themexriver.com/wp/gtbus/product-category/clothing/page/2/shop-single.250.delayed]
[themexriver.com/wp/gtbus/product-category/clothing/page/2/index.html]
[themexriver.com/wp/gtbus/product-tag/it-services/shop-single.html]
[themexriver.com/wp/gtbus/product-category/clothing/tshirts/shop-single.html]
[themexriver.com/wp/gtbus/product-category/clothing/tshirts/indexc7bd.html]
[themexriver.com/wp/gtbus/product-category/clothing/page/2/indexcf07.html]
[themexriver.com/wp/gtbus/product-category/clothing/page/2/index7eb3.html]
[themexriver.com/wp/gtbus/product-category/clothing/tshirts/indexd1c8.html]
[themexriver.com/wp/gtbus/product-category/clothing/tshirts/indexeb42.html]
[themexriver.com/wp/gtbus/product-category/clothing/tshirts/index0b73.html]
[themexriver.com/wp/gtbus/product-tag/digital/shop-single.html]
[themexriver.com/wp/gtbus/product-tag/digital/indexc7bd.html]
[themexriver.com/wp/gtbus/product-tag/on-sale/shop-single.html]
[themexriver.com/wp/gtbus/product-tag/on-sale/indexc7bd.html]
[themexriver.com/wp/gtbus/index2303.html]
[themexriver.com/wp/gtbus/product/v-neck-t-shirt/shop-single.html]
[themexriver.com/wp/gtbus/product/v-neck-t-shirt/index0b73.html]
[themexriver.com/wp/gtbus/product/v-neck-t-shirt/indexc7bd.html]
[themexriver.com/wp/gtbus/product/v-neck-t-shirt/indexeb42.html]
[themexriver.com/wp/gtbus/product/v-neck-t-shirt/indexd1c8.html]
[themexriver.com/wp/gtbus/product-category/music/shop-single.html]
[themexriver.com/wp/gtbus/product-category/music/index30b0.html]
[themexriver.com/wp/gtbus/product-category/music/indexfd45.html]
[themexriver.com/wp/gtbus/indexa7d3.html]
[themexriver.com/wp/gtbus/product/single/shop-single.html]
[themexriver.com/wp/gtbus/product/single/index30b0.html]
[themexriver.com/wp/gtbus/product-category/decor/shop-single.html]
[themexriver.com/wp/gtbus/product-tag/best/shop-single.html]
[themexriver.com/wp/gtbus/product-tag/technology/shop-single.html]
[themexriver.com/wp/gtbus/cart/Components must be wrapped within SlotFillProvider. See https_/developer.wordpress.org/block-editor/components/slot-fill/index.html]
[themexriver.com/wp/gtbus/product-category/clothing/page/2/shop-single.html]
[themexriver.com/wp/gtbus/product-category/clothing/page/2/indexcf07.html]
[themexriver.com/wp/gtbus/product-category/clothing/page/2/index7eb3.html]
[themexriver.com/wp/gtbus/product-category/clothing/page/1/index.html]
